Archive member included to satisfy reference by file (symbol)

app/libapp.a(main.c.obj)      (--whole-archive)
zephyr/libzephyr.a(cbprintf_packaged.c.obj)
                              (--whole-archive)
zephyr/libzephyr.a(dec.c.obj)
                              (--whole-archive)
zephyr/libzephyr.a(fdtable.c.obj)
                              (--whole-archive)
zephyr/libzephyr.a(hex.c.obj)
                              (--whole-archive)
zephyr/libzephyr.a(printk.c.obj)
                              (--whole-archive)
zephyr/libzephyr.a(rb.c.obj)  (--whole-archive)
zephyr/libzephyr.a(sem.c.obj)
                              (--whole-archive)
zephyr/libzephyr.a(thread_entry.c.obj)
                              (--whole-archive)
zephyr/libzephyr.a(timeutil.c.obj)
                              (--whole-archive)
zephyr/libzephyr.a(heap.c.obj)
                              (--whole-archive)
zephyr/libzephyr.a(heap-validate.c.obj)
                              (--whole-archive)
zephyr/libzephyr.a(bitarray.c.obj)
                              (--whole-archive)
zephyr/libzephyr.a(multi_heap.c.obj)
                              (--whole-archive)
zephyr/libzephyr.a(cbprintf_complete.c.obj)
                              (--whole-archive)
zephyr/libzephyr.a(cbprintf.c.obj)
                              (--whole-archive)
zephyr/libzephyr.a(assert.c.obj)
                              (--whole-archive)
zephyr/libzephyr.a(configs.c.obj)
                              (--whole-archive)
zephyr/libzephyr.a(soc.c.obj)
                              (--whole-archive)
zephyr/libzephyr.a(tracing_none.c.obj)
                              (--whole-archive)
zephyr/arch/common/libarch__common.a(sw_isr_common.c.obj)
                              (--whole-archive)
zephyr/arch/arch/arm/core/aarch32/libarch__arm__core__aarch32.a(cpu_idle.S.obj)
                              (--whole-archive)
zephyr/arch/arch/arm/core/aarch32/libarch__arm__core__aarch32.a(fatal.c.obj)
                              (--whole-archive)
zephyr/arch/arch/arm/core/aarch32/libarch__arm__core__aarch32.a(irq_manage.c.obj)
                              (--whole-archive)
zephyr/arch/arch/arm/core/aarch32/libarch__arm__core__aarch32.a(nmi.c.obj)
                              (--whole-archive)
zephyr/arch/arch/arm/core/aarch32/libarch__arm__core__aarch32.a(nmi_on_reset.S.obj)
                              (--whole-archive)
zephyr/arch/arch/arm/core/aarch32/libarch__arm__core__aarch32.a(prep_c.c.obj)
                              (--whole-archive)
zephyr/arch/arch/arm/core/aarch32/libarch__arm__core__aarch32.a(swap.c.obj)
                              (--whole-archive)
zephyr/arch/arch/arm/core/aarch32/libarch__arm__core__aarch32.a(swap_helper.S.obj)
                              (--whole-archive)
zephyr/arch/arch/arm/core/aarch32/libarch__arm__core__aarch32.a(thread.c.obj)
                              (--whole-archive)
zephyr/arch/arch/arm/core/aarch32/libarch__arm__core__aarch32.a(isr_wrapper.S.obj)
                              (--whole-archive)
zephyr/arch/arch/arm/core/aarch32/cortex_m/libarch__arm__core__aarch32__cortex_m.a(exc_exit.S.obj)
                              (--whole-archive)
zephyr/arch/arch/arm/core/aarch32/cortex_m/libarch__arm__core__aarch32__cortex_m.a(fault.c.obj)
                              (--whole-archive)
zephyr/arch/arch/arm/core/aarch32/cortex_m/libarch__arm__core__aarch32__cortex_m.a(fault_s.S.obj)
                              (--whole-archive)
zephyr/arch/arch/arm/core/aarch32/cortex_m/libarch__arm__core__aarch32__cortex_m.a(fpu.c.obj)
                              (--whole-archive)
zephyr/arch/arch/arm/core/aarch32/cortex_m/libarch__arm__core__aarch32__cortex_m.a(irq_init.c.obj)
                              (--whole-archive)
zephyr/arch/arch/arm/core/aarch32/cortex_m/libarch__arm__core__aarch32__cortex_m.a(reset.S.obj)
                              (--whole-archive)
zephyr/arch/arch/arm/core/aarch32/cortex_m/libarch__arm__core__aarch32__cortex_m.a(scb.c.obj)
                              (--whole-archive)
zephyr/arch/arch/arm/core/aarch32/cortex_m/libarch__arm__core__aarch32__cortex_m.a(thread_abort.c.obj)
                              (--whole-archive)
zephyr/arch/arch/arm/core/aarch32/cortex_m/libarch__arm__core__aarch32__cortex_m.a(vector_table.S.obj)
                              (--whole-archive)
zephyr/arch/arch/arm/core/aarch32/mpu/libarch__arm__core__aarch32__mpu.a(arm_core_mpu.c.obj)
                              (--whole-archive)
zephyr/arch/arch/arm/core/aarch32/mpu/libarch__arm__core__aarch32__mpu.a(arm_mpu.c.obj)
                              (--whole-archive)
zephyr/lib/libc/minimal/liblib__libc__minimal.a(atoi.c.obj)
                              (--whole-archive)
zephyr/lib/libc/minimal/liblib__libc__minimal.a(strtol.c.obj)
                              (--whole-archive)
zephyr/lib/libc/minimal/liblib__libc__minimal.a(strtoul.c.obj)
                              (--whole-archive)
[...]
Memory Configuration

Name             Origin             Length             Attributes
FLASH            0x0000000010000000 0x0000000000200000 xr
RAM              0x0000000008000000 0x0000000000100000 xw
IDT_LIST         0x00000000fffff7ff 0x0000000000000800 xw
*default*        0x0000000000000000 0xffffffffffffffff

Linker script and memory map

LOAD zephyr/CMakeFiles/zephyr_final.dir/misc/empty_file.c.obj
LOAD zephyr/CMakeFiles/zephyr_final.dir/isr_tables.c.obj
LOAD zephyr/CMakeFiles/offsets.dir/./arch/arm/core/offsets/offsets.c.obj
LOAD app/libapp.a
LOAD zephyr/libzephyr.a
LOAD zephyr/arch/common/libarch__common.a
LOAD zephyr/arch/arch/arm/core/aarch32/libarch__arm__core__aarch32.a
LOAD zephyr/arch/arch/arm/core/aarch32/cortex_m/libarch__arm__core__aarch32__cortex_m.a
LOAD zephyr/arch/arch/arm/core/aarch32/mpu/libarch__arm__core__aarch32__mpu.a
LOAD zephyr/lib/libc/minimal/liblib__libc__minimal.a
LOAD zephyr/lib/libc/common/liblib__libc__common.a
LOAD zephyr/soc/arm/common/cortex_m/libsoc__arm__common__cortex_m.a
LOAD zephyr/drivers/clock_control/libdrivers__clock_control.a
LOAD zephyr/drivers/console/libdrivers__console.a
LOAD zephyr/drivers/gpio/libdrivers__gpio.a
LOAD zephyr/drivers/pinctrl/libdrivers__pinctrl.a
LOAD zephyr/drivers/serial/libdrivers__serial.a
LOAD zephyr/drivers/timer/libdrivers__timer.a
LOAD modules/hal_infineon/libmodules_hal_infineon.a
LOAD zephyr/kernel/libkernel.a
LOAD c:/users/elija/zephyr-sdk-0.16.1/arm-zephyr-eabi/bin/../lib/gcc/arm-zephyr-eabi/12.2.0/thumb/v7e-m/nofp\libgcc.a
LOAD zephyr/arch/common/libisr_tables.a
                0x0000000000000020                _region_min_align = 0x20

.rel.plt        0x0000000010000000        0x0
 *(SORT_BY_ALIGNMENT(.rel.plt))
                [!provide]                        PROVIDE (__rel_iplt_start = .)
 *(SORT_BY_ALIGNMENT(.rel.iplt))
 .rel.iplt      0x0000000010000000        0x0 zephyr/CMakeFiles/zephyr_final.dir/isr_tables.c.obj
                [!provide]                        PROVIDE (__rel_iplt_end = .)

.rela.plt       0x0000000000000000        0x0
 *(SORT_BY_ALIGNMENT(.rela.plt))
                [!provide]                        PROVIDE (__rela_iplt_start = .)
 *(SORT_BY_ALIGNMENT(.rela.iplt))
                [!provide]                        PROVIDE (__rela_iplt_end = .)

.rel.dyn
 *(SORT_BY_ALIGNMENT(.rel.*))

.rela.dyn
 *(SORT_BY_ALIGNMENT(.rela.*))

/DISCARD/
 *(SORT_BY_ALIGNMENT(.plt))

/DISCARD/
 *(SORT_BY_ALIGNMENT(.iplt))
                0x0000000010000000                __rom_region_start = 0x10000000

rom_start       0x0000000010000000     0x22e0
                0x0000000010000000                __rom_start_address = .
                0x0000000010000000                . = (. + (0x0 - (. - __rom_start_address)))
                0x0000000010000000                . = ALIGN (0x4)
                0x0000000010000000                . = ALIGN (0x4)
                0x0000000010000000                __cy_m0p_code_start = .
 *(SORT_BY_ALIGNMENT(.cy_m0p_image))
 .cy_m0p_image  0x0000000010000000     0x1850 modules/hal_infineon/libmodules_hal_infineon.a(psoc6_cm0p_sleep.c.obj)
                0x0000000010000000                cy_m0p_image
                0x0000000000002000                . = 0x2000
 *fill*         0x0000000010001850      0x7b0 
                0x0000000010002000                __cy_m0p_code_end = .
                0x0000000010002000                . = ALIGN (0x80)
                0x0000000010002000                . = ALIGN (0x400)
                0x0000000010002000                _vector_start = .
 *(SORT_BY_ALIGNMENT(.exc_vector_table))
 *(SORT_BY_ALIGNMENT(.exc_vector_table.*))
 .exc_vector_table._vector_table_section
                0x0000000010002000       0x40 zephyr/arch/arch/arm/core/aarch32/cortex_m/libarch__arm__core__aarch32__cortex_m.a(vector_table.S.obj)
                0x0000000010002000                _vector_table
 *(SORT_BY_ALIGNMENT(.vectors))
                0x00000000100022e0                _vector_end = .
                0x0000000010002040                . = ALIGN (0x4)
 *(SORT_BY_ALIGNMENT(.gnu.linkonce.irq_vector_table*))
 .gnu.linkonce.irq_vector_table
                0x0000000010002040      0x2a0 zephyr/CMakeFiles/zephyr_final.dir/isr_tables.c.obj
                0x0000000010002040                _irq_vector_table
                0x00000000100022e0                _vector_end = .

text            0x00000000100022e0     0x6bb8
                0x00000000100022e0                __text_region_start = .
 *(SORT_BY_ALIGNMENT(.text))
 .text          0x00000000100022e0       0x20 modules/hal_infineon/libmodules_hal_infineon.a(cy_syslib_gcc.S.obj)
                0x00000000100022e0                Cy_SysLib_DelayCycles
                0x00000000100022f2                Cy_SysLib_EnterCriticalSection
                0x00000000100022fa                Cy_SysLib_ExitCriticalSection
 .text          0x0000000010002300       0xa0 c:/users/elija/zephyr-sdk-0.16.1/arm-zephyr-eabi/bin/../lib/gcc/arm-zephyr-eabi/12.2.0/thumb/v7e-m/nofp\libgcc.a(_aeabi_ldivmod.o)
                0x0000000010002300                __aeabi_ldivmod
 .text          0x00000000100023a0       0x30 c:/users/elija/zephyr-sdk-0.16.1/arm-zephyr-eabi/bin/../lib/gcc/arm-zephyr-eabi/12.2.0/thumb/v7e-m/nofp\libgcc.a(_aeabi_uldivmod.o)
                0x00000000100023a0                __aeabi_uldivmod
 .text          0x00000000100023d0        0x4 c:/users/elija/zephyr-sdk-0.16.1/arm-zephyr-eabi/bin/../lib/gcc/arm-zephyr-eabi/12.2.0/thumb/v7e-m/nofp\libgcc.a(_dvmd_tls.o)
                0x00000000100023d0                __aeabi_idiv0
                0x00000000100023d0                __aeabi_ldiv0
 .text          0x00000000100023d4      0x2a0 c:/users/elija/zephyr-sdk-0.16.1/arm-zephyr-eabi/bin/../lib/gcc/arm-zephyr-eabi/12.2.0/thumb/v7e-m/nofp\libgcc.a(_udivmoddi4.o)
                0x00000000100023d4                __udivmoddi4
 *(SORT_BY_ALIGNMENT(.text.*))
 *fill*         0x0000000010002674        0x4 
 .text.Cy_SysClk_FllConfigure
                0x0000000010002678      0x2dc modules/hal_infineon/libmodules_hal_infineon.a(cy_sysclk.c.obj)
                0x0000000010002678                Cy_SysClk_FllConfigure
 .text.main     0x0000000010002954       0x78 app/libapp.a(main.c.obj)
                0x0000000010002954                main
 .text.char_out
                0x00000000100029cc        0xc zephyr/libzephyr.a(printk.c.obj)
 .text.__printk_hook_install
                0x00000000100029d8        0xc zephyr/libzephyr.a(printk.c.obj)
                0x00000000100029d8                __printk_hook_install
 .text.vprintk  0x00000000100029e4       0x1c zephyr/libzephyr.a(printk.c.obj)
                0x00000000100029e4                vprintk
 .text.z_cbvprintf_impl
                0x0000000010002a00      0x764 zephyr/libzephyr.a(cbprintf_complete.c.obj)
                0x0000000010002a00                z_cbvprintf_impl
 .text.z_isr_install
                0x0000000010003164       0x14 zephyr/arch/common/libarch__common.a(sw_isr_common.c.obj)
                0x0000000010003164                z_isr_install
 .text.z_arm_cpu_idle_init
                0x0000000010003178        0xc zephyr/arch/arch/arm/core/aarch32/libarch__arm__core__aarch32.a(cpu_idle.S.obj)
                0x0000000010003178                z_arm_cpu_idle_init
 .text.arch_cpu_idle
                0x0000000010003184       0x1c zephyr/arch/arch/arm/core/aarch32/libarch__arm__core__aarch32.a(cpu_idle.S.obj)
                0x0000000010003184                arch_cpu_idle
 .text.__NVIC_SetPriority
                0x00000000100031a0       0x28 zephyr/arch/arch/arm/core/aarch32/libarch__arm__core__aarch32.a(irq_manage.c.obj)
 .text.z_SysNmiOnReset
                0x00000000100031c8        0x8 zephyr/arch/arch/arm/core/aarch32/libarch__arm__core__aarch32.a(nmi_on_reset.S.obj)
                0x00000000100031c8                z_SysNmiOnReset
 .text.z_arm_prep_c
                0x00000000100031d0       0x48 zephyr/arch/arch/arm/core/aarch32/libarch__arm__core__aarch32.a(prep_c.c.obj)
                0x00000000100031d0                z_arm_prep_c
 .text.arch_swap
                0x0000000010003218       0x34 zephyr/arch/arch/arm/core/aarch32/libarch__arm__core__aarch32.a(swap.c.obj)
                0x0000000010003218                arch_swap
 .text.z_arm_pendsv
                0x000000001000324c       0x54 zephyr/arch/arch/arm/core/aarch32/libarch__arm__core__aarch32.a(swap_helper.S.obj)
                0x000000001000324c                z_arm_pendsv
 .text.z_arm_svc
                0x00000000100032a0       0x20 zephyr/arch/arch/arm/core/aarch32/libarch__arm__core__aarch32.a(swap_helper.S.obj)
                0x00000000100032a0                z_arm_svc
 .text.arch_new_thread
                0x00000000100032c0       0x38 zephyr/arch/arch/arm/core/aarch32/libarch__arm__core__aarch32.a(thread.c.obj)
                0x00000000100032c0                arch_new_thread
 .text.z_check_thread_stack_fail
                0x00000000100032f8       0x2c zephyr/arch/arch/arm/core/aarch32/libarch__arm__core__aarch32.a(thread.c.obj)
                0x00000000100032f8                z_check_thread_stack_fail
 .text.arch_switch_to_main_thread
                0x0000000010003324       0x2c zephyr/arch/arch/arm/core/aarch32/libarch__arm__core__aarch32.a(thread.c.obj)
                0x0000000010003324                arch_switch_to_main_thread
 .text._isr_wrapper
                0x0000000010003350       0x28 zephyr/arch/arch/arm/core/aarch32/libarch__arm__core__aarch32.a(isr_wrapper.S.obj)
                0x0000000010003350                _isr_wrapper
 .text._HandlerModeExit
                0x0000000010003378       0x1c zephyr/arch/arch/arm/core/aarch32/cortex_m/libarch__arm__core__aarch32__cortex_m.a(exc_exit.S.obj)
                0x0000000010003378                z_arm_int_exit
                0x0000000010003378                z_arm_exc_exit
 .text.mem_manage_fault
                0x0000000010003394       0xa0 zephyr/arch/arch/arm/core/aarch32/cortex_m/libarch__arm__core__aarch32__cortex_m.a(fault.c.obj)
 .text.usage_fault.constprop.0
                0x0000000010003434       0x54 zephyr/arch/arch/arm/core/aarch32/cortex_m/libarch__arm__core__aarch32__cortex_m.a(fault.c.obj)
 .text.bus_fault.constprop.0
                0x0000000010003488       0x6c zephyr/arch/arch/arm/core/aarch32/cortex_m/libarch__arm__core__aarch32__cortex_m.a(fault.c.obj)
 .text.z_arm_fault
                0x00000000100034f4      0x11c zephyr/arch/arch/arm/core/aarch32/cortex_m/libarch__arm__core__aarch32__cortex_m.a(fault.c.obj)
                0x00000000100034f4                z_arm_fault
 .text.z_arm_fault_init
                0x0000000010003610       0x10 zephyr/arch/arch/arm/core/aarch32/cortex_m/libarch__arm__core__aarch32__cortex_m.a(fault.c.obj)
                0x0000000010003610                z_arm_fault_init
 .text.__fault  0x0000000010003620       0x14 zephyr/arch/arch/arm/core/aarch32/cortex_m/libarch__arm__core__aarch32__cortex_m.a(fault_s.S.obj)
                0x0000000010003620                z_arm_usage_fault
                0x0000000010003620                z_arm_mpu_fault
                0x0000000010003620                z_arm_exc_spurious
                0x0000000010003620                z_arm_debug_monitor
                0x0000000010003620                z_arm_hard_fault
                0x0000000010003620                z_arm_bus_fault
 .text.z_arm_interrupt_init
                0x0000000010003634       0x18 zephyr/arch/arch/arm/core/aarch32/cortex_m/libarch__arm__core__aarch32__cortex_m.a(irq_init.c.obj)
                0x0000000010003634                z_arm_interrupt_init
 .text._reset_section
                0x000000001000364c       0x2c zephyr/arch/arch/arm/core/aarch32/cortex_m/libarch__arm__core__aarch32__cortex_m.a(reset.S.obj)
                0x000000001000364c                __start
                0x000000001000364c                z_arm_reset
 .text.z_impl_k_thread_abort
                0x0000000010003678       0x2c zephyr/arch/arch/arm/core/aarch32/cortex_m/libarch__arm__core__aarch32__cortex_m.a(thread_abort.c.obj)
                0x0000000010003678                z_impl_k_thread_abort
 .text.z_arm_configure_static_mpu_regions
                0x00000000100036a4       0x18 zephyr/arch/arch/arm/core/aarch32/mpu/libarch__arm__core__aarch32__mpu.a(arm_core_mpu.c.obj)
                0x00000000100036a4                z_arm_configure_static_mpu_regions
 .text.z_arm_configure_dynamic_mpu_regions
                0x00000000100036bc       0x20 zephyr/arch/arch/arm/core/aarch32/mpu/libarch__arm__core__aarch32__mpu.a(arm_core_mpu.c.obj)
                0x00000000100036bc                z_arm_configure_dynamic_mpu_regions
 .text.mpu_configure_regions
                0x00000000100036dc       0x88 zephyr/arch/arch/arm/core/aarch32/mpu/libarch__arm__core__aarch32__mpu.a(arm_mpu.c.obj)
 .text.arm_core_mpu_enable
                0x0000000010003764       0x18 zephyr/arch/arch/arm/core/aarch32/mpu/libarch__arm__core__aarch32__mpu.a(arm_mpu.c.obj)
                0x0000000010003764                arm_core_mpu_enable
 .text.arm_core_mpu_disable
                0x000000001000377c       0x14 zephyr/arch/arch/arm/core/aarch32/mpu/libarch__arm__core__aarch32__mpu.a(arm_mpu.c.obj)
                0x000000001000377c                arm_core_mpu_disable
 .text.arm_core_mpu_configure_static_mpu_regions
                0x0000000010003790       0x14 zephyr/arch/arch/arm/core/aarch32/mpu/libarch__arm__core__aarch32__mpu.a(arm_mpu.c.obj)
                0x0000000010003790                arm_core_mpu_configure_static_mpu_regions
 .text.arm_core_mpu_configure_dynamic_mpu_regions
                0x00000000100037a4       0x30 zephyr/arch/arch/arm/core/aarch32/mpu/libarch__arm__core__aarch32__mpu.a(arm_mpu.c.obj)
                0x00000000100037a4                arm_core_mpu_configure_dynamic_mpu_regions
 .text.z_arm_mpu_init
                0x00000000100037d4       0x60 zephyr/arch/arch/arm/core/aarch32/mpu/libarch__arm__core__aarch32__mpu.a(arm_mpu.c.obj)
                0x00000000100037d4                z_arm_mpu_init
 .text.__stdout_hook_install
                0x0000000010003834        0xc zephyr/lib/libc/minimal/liblib__libc__minimal.a(stdout_console.c.obj)
                0x0000000010003834                __stdout_hook_install
 .text._get_hal_obj_from_ord
                0x0000000010003840       0x28 zephyr/drivers/clock_control/libdrivers__clock_control.a(clock_control_ifx_cat1.c.obj)
 .text.clock_control_infineon_cat1_init
                0x0000000010003868      0x144 zephyr/drivers/clock_control/libdrivers__clock_control.a(clock_control_ifx_cat1.c.obj)
 .text.uart_console_init
                0x00000000100039ac       0x28 zephyr/drivers/console/libdrivers__console.a(uart_console.c.obj)
 .text.console_out
                0x00000000100039d4       0x28 zephyr/drivers/console/libdrivers__console.a(uart_console.c.obj)
 .text.gpio_cat1_pin_interrupt_configure
                0x00000000100039fc       0x98 zephyr/drivers/gpio/libdrivers__gpio.a(gpio_ifx_cat1.c.obj)
 .text.gpio_cat1_configure
                0x0000000010003a94       0xc0 zephyr/drivers/gpio/libdrivers__gpio.a(gpio_ifx_cat1.c.obj)
 .text.gpio_event_callback
                0x0000000010003b54       0x40 zephyr/drivers/gpio/libdrivers__gpio.a(gpio_ifx_cat1.c.obj)
 .text.pinctrl_configure_pins
                0x0000000010003b94       0x98 zephyr/drivers/pinctrl/libdrivers__pinctrl.a(pinctrl_ifx_cat1.c.obj)
                0x0000000010003b94                pinctrl_configure_pins
 .text.ifx_cat1_uart_init
                0x0000000010003c2c       0xb4 zephyr/drivers/serial/libdrivers__serial.a(uart_ifx_cat1.c.obj)
 .text.elapsed  0x0000000010003ce0       0x3c zephyr/drivers/timer/libdrivers__timer.a(cortex_m_systick.c.obj)
 .text.sys_clock_driver_init
                0x0000000010003d1c       0x34 zephyr/drivers/timer/libdrivers__timer.a(cortex_m_systick.c.obj)
 .text.sys_clock_isr
                0x0000000010003d50       0x54 zephyr/drivers/timer/libdrivers__timer.a(cortex_m_systick.c.obj)
                0x0000000010003d50                sys_clock_isr
 .text.sys_clock_set_timeout
                0x0000000010003da4       0xf4 zephyr/drivers/timer/libdrivers__timer.a(cortex_m_systick.c.obj)
                0x0000000010003da4                sys_clock_set_timeout
 .text.sys_clock_elapsed
                0x0000000010003e98       0x3c zephyr/drivers/timer/libdrivers__timer.a(cortex_m_systick.c.obj)
                0x0000000010003e98                sys_clock_elapsed
 .text.Cy_PDL_Init
                0x0000000010003ed4        0xc modules/hal_infineon/libmodules_hal_infineon.a(cy_device.c.obj)
                0x0000000010003ed4                Cy_PDL_Init
 .text.SystemCoreClockUpdate
                0x0000000010003ee0       0x6c modules/hal_infineon/libmodules_hal_infineon.a(system_psoc6_cm4.c.obj)
                0x0000000010003ee0                SystemCoreClockUpdate
 .text.SystemInit
                0x0000000010003f4c       0x38 modules/hal_infineon/libmodules_hal_infineon.a(system_psoc6_cm4.c.obj)
                0x0000000010003f4c                SystemInit
 .text.Cy_SCB_UART_Init
                0x0000000010003f84      0x26c modules/hal_infineon/libmodules_hal_infineon.a(cy_scb_uart.c.obj)
                0x0000000010003f84                Cy_SCB_UART_Init
 .text.Cy_IPC_Drv_GetIpcBaseAddress
                0x00000000100041f0       0x20 modules/hal_infineon/libmodules_hal_infineon.a(cy_flash.c.obj)
 .text.Cy_Flash_ProcessOpcode
                0x0000000010004210       0xa8 modules/hal_infineon/libmodules_hal_infineon.a(cy_flash.c.obj)
 .text.Cy_Flash_OperationStatus
                0x00000000100042b8       0x40 modules/hal_infineon/libmodules_hal_infineon.a(cy_flash.c.obj)
 .text.Cy_GPIO_SetHSIOM
                0x00000000100042f8       0x5c modules/hal_infineon/libmodules_hal_infineon.a(cy_gpio.c.obj)
                0x00000000100042f8                Cy_GPIO_SetHSIOM
 .text.Cy_GPIO_Pin_FastInit
                0x0000000010004354       0x70 modules/hal_infineon/libmodules_hal_infineon.a(cy_gpio.c.obj)
                0x0000000010004354                Cy_GPIO_Pin_FastInit
 .text.Cy_GPIO_GetHSIOM
                0x00000000100043c4       0x44 modules/hal_infineon/libmodules_hal_infineon.a(cy_gpio.c.obj)
                0x00000000100043c4                Cy_GPIO_GetHSIOM
 .text.Cy_GPIO_SetInterruptEdge
                0x0000000010004408       0x34 modules/hal_infineon/libmodules_hal_infineon.a(cy_gpio.c.obj)
                0x0000000010004408                Cy_GPIO_SetInterruptEdge
 .text.Cy_GPIO_GetInterruptEdge
                0x000000001000443c       0x20 modules/hal_infineon/libmodules_hal_infineon.a(cy_gpio.c.obj)
                0x000000001000443c                Cy_GPIO_GetInterruptEdge
 .text.Cy_IPC_Drv_LockRelease
                0x000000001000445c       0x2c modules/hal_infineon/libmodules_hal_infineon.a(cy_ipc_drv.c.obj)
                0x000000001000445c                Cy_IPC_Drv_LockRelease
 .text.Cy_IPC_Drv_SendMsgWord
                0x0000000010004488       0x20 modules/hal_infineon/libmodules_hal_infineon.a(cy_ipc_drv.c.obj)
                0x0000000010004488                Cy_IPC_Drv_SendMsgWord
 .text.Cy_IPC_Drv_ReadMsgWord
                0x00000000100044a8       0x24 modules/hal_infineon/libmodules_hal_infineon.a(cy_ipc_drv.c.obj)
                0x00000000100044a8                Cy_IPC_Drv_ReadMsgWord
 .text.Cy_IPC_Pipe_Config
                0x00000000100044cc       0x10 modules/hal_infineon/libmodules_hal_infineon.a(cy_ipc_pipe.c.obj)
                0x00000000100044cc                Cy_IPC_Pipe_Config
 .text.Cy_IPC_Pipe_EndpointInit
                0x00000000100044dc       0x90 modules/hal_infineon/libmodules_hal_infineon.a(cy_ipc_pipe.c.obj)
                0x00000000100044dc                Cy_IPC_Pipe_EndpointInit
 .text.Cy_IPC_Pipe_Init
                0x000000001000456c       0x80 modules/hal_infineon/libmodules_hal_infineon.a(cy_ipc_pipe.c.obj)
                0x000000001000456c                Cy_IPC_Pipe_Init
 .text.Cy_IPC_Pipe_SendMessage
                0x00000000100045ec       0x6c modules/hal_infineon/libmodules_hal_infineon.a(cy_ipc_pipe.c.obj)
                0x00000000100045ec                Cy_IPC_Pipe_SendMessage
 .text.Cy_IPC_Pipe_ExecCallback
                0x0000000010004658       0x98 modules/hal_infineon/libmodules_hal_infineon.a(cy_ipc_pipe.c.obj)
                0x0000000010004658                Cy_IPC_Pipe_ExecCallback
 .text.Cy_IPC_Pipe_ExecuteCallback
                0x00000000100046f0       0x18 modules/hal_infineon/libmodules_hal_infineon.a(cy_ipc_pipe.c.obj)
                0x00000000100046f0                Cy_IPC_Pipe_ExecuteCallback
 .text.Cy_IPC_Drv_GetIpcBaseAddress
                0x0000000010004708       0x20 modules/hal_infineon/libmodules_hal_infineon.a(cy_ipc_sema.c.obj)
 .text.Cy_IPC_Sema_InitExt
                0x0000000010004728       0x68 modules/hal_infineon/libmodules_hal_infineon.a(cy_ipc_sema.c.obj)
                0x0000000010004728                Cy_IPC_Sema_InitExt
 .text.Cy_IPC_Sema_Init
                0x0000000010004790       0x34 modules/hal_infineon/libmodules_hal_infineon.a(cy_ipc_sema.c.obj)
                0x0000000010004790                Cy_IPC_Sema_Init
 .text.Cy_IPC_Sema_Clear
                0x00000000100047c4       0x88 modules/hal_infineon/libmodules_hal_infineon.a(cy_ipc_sema.c.obj)
                0x00000000100047c4                Cy_IPC_Sema_Clear
 .text.Cy_IPC_Sema_Status
                0x000000001000484c       0x3c modules/hal_infineon/libmodules_hal_infineon.a(cy_ipc_sema.c.obj)
                0x000000001000484c                Cy_IPC_Sema_Status
 .text.Cy_SysClk_PeriphSetDivider
                0x0000000010004888       0x5c modules/hal_infineon/libmodules_hal_infineon.a(cy_sysclk.c.obj)
                0x0000000010004888                Cy_SysClk_PeriphSetDivider
 .text.Cy_SysClk_PeriphGetDivider
                0x00000000100048e4       0x44 modules/hal_infineon/libmodules_hal_infineon.a(cy_sysclk.c.obj)
                0x00000000100048e4                Cy_SysClk_PeriphGetDivider
 .text.Cy_SysClk_PeriphSetFracDivider
                0x0000000010004928       0x98 modules/hal_infineon/libmodules_hal_infineon.a(cy_sysclk.c.obj)
                0x0000000010004928                Cy_SysClk_PeriphSetFracDivider
 .text.Cy_SysClk_PeriphGetFracDivider
                0x00000000100049c0       0x68 modules/hal_infineon/libmodules_hal_infineon.a(cy_sysclk.c.obj)
                0x00000000100049c0                Cy_SysClk_PeriphGetFracDivider
 .text.Cy_SysClk_PeriphAssignDivider
                0x0000000010004a28       0x58 modules/hal_infineon/libmodules_hal_infineon.a(cy_sysclk.c.obj)
                0x0000000010004a28                Cy_SysClk_PeriphAssignDivider
 .text.Cy_SysClk_PeriphEnableDivider
                0x0000000010004a80       0x70 modules/hal_infineon/libmodules_hal_infineon.a(cy_sysclk.c.obj)
                0x0000000010004a80                Cy_SysClk_PeriphEnableDivider
 .text.Cy_SysClk_PeriphDisableDivider
                0x0000000010004af0       0x50 modules/hal_infineon/libmodules_hal_infineon.a(cy_sysclk.c.obj)
                0x0000000010004af0                Cy_SysClk_PeriphDisableDivider
 .text.Cy_SysClk_PeriphGetDividerEnabled
                0x0000000010004b40       0x64 modules/hal_infineon/libmodules_hal_infineon.a(cy_sysclk.c.obj)
                0x0000000010004b40                Cy_SysClk_PeriphGetDividerEnabled
 .text.Cy_SysClk_ClkSlowSetDivider
                0x0000000010004ba4       0x1c modules/hal_infineon/libmodules_hal_infineon.a(cy_sysclk.c.obj)
                0x0000000010004ba4                Cy_SysClk_ClkSlowSetDivider
 .text.Cy_SysClk_ClkSlowGetDivider
                0x0000000010004bc0       0x18 modules/hal_infineon/libmodules_hal_infineon.a(cy_sysclk.c.obj)
                0x0000000010004bc0                Cy_SysClk_ClkSlowGetDivider
 .text.Cy_SysClk_ClkPumpSetSource
                0x0000000010004bd8       0x24 modules/hal_infineon/libmodules_hal_infineon.a(cy_sysclk.c.obj)
                0x0000000010004bd8                Cy_SysClk_ClkPumpSetSource
 .text.Cy_SysClk_ClkPumpGetSource
                0x0000000010004bfc       0x10 modules/hal_infineon/libmodules_hal_infineon.a(cy_sysclk.c.obj)
                0x0000000010004bfc                Cy_SysClk_ClkPumpGetSource
 .text.Cy_SysClk_ClkPumpSetDivider
                0x0000000010004c0c       0x24 modules/hal_infineon/libmodules_hal_infineon.a(cy_sysclk.c.obj)
                0x0000000010004c0c                Cy_SysClk_ClkPumpSetDivider
 .text.Cy_SysClk_ClkPumpGetDivider
                0x0000000010004c30       0x10 modules/hal_infineon/libmodules_hal_infineon.a(cy_sysclk.c.obj)
                0x0000000010004c30                Cy_SysClk_ClkPumpGetDivider
 .text.Cy_SysClk_ClkPumpEnable
                0x0000000010004c40       0x14 modules/hal_infineon/libmodules_hal_infineon.a(cy_sysclk.c.obj)
                0x0000000010004c40                Cy_SysClk_ClkPumpEnable
 .text.Cy_SysClk_ClkPumpIsEnabled
                0x0000000010004c54       0x10 modules/hal_infineon/libmodules_hal_infineon.a(cy_sysclk.c.obj)
                0x0000000010004c54                Cy_SysClk_ClkPumpIsEnabled
 .text.Cy_SysClk_ClkPumpDisable
                0x0000000010004c64       0x14 modules/hal_infineon/libmodules_hal_infineon.a(cy_sysclk.c.obj)
                0x0000000010004c64                Cy_SysClk_ClkPumpDisable
 .text.Cy_SysClk_ClkBakSetSource
                0x0000000010004c78       0x20 modules/hal_infineon/libmodules_hal_infineon.a(cy_sysclk.c.obj)
                0x0000000010004c78                Cy_SysClk_ClkBakSetSource
 .text.Cy_SysClk_ClkBakGetSource
                0x0000000010004c98       0x10 modules/hal_infineon/libmodules_hal_infineon.a(cy_sysclk.c.obj)
                0x0000000010004c98                Cy_SysClk_ClkBakGetSource
 .text.Cy_SysClk_ClkTimerSetSource
                0x0000000010004ca8       0x2c modules/hal_infineon/libmodules_hal_infineon.a(cy_sysclk.c.obj)
                0x0000000010004ca8                Cy_SysClk_ClkTimerSetSource
 .text.Cy_SysClk_ClkTimerSetDivider
                0x0000000010004cd4       0x18 modules/hal_infineon/libmodules_hal_infineon.a(cy_sysclk.c.obj)
                0x0000000010004cd4                Cy_SysClk_ClkTimerSetDivider
 .text.Cy_SysClk_ClkTimerEnable
                0x0000000010004cec       0x14 modules/hal_infineon/libmodules_hal_infineon.a(cy_sysclk.c.obj)
                0x0000000010004cec                Cy_SysClk_ClkTimerEnable
 .text.Cy_SysClk_ClkTimerIsEnabled
                0x0000000010004d00       0x10 modules/hal_infineon/libmodules_hal_infineon.a(cy_sysclk.c.obj)
                0x0000000010004d00                Cy_SysClk_ClkTimerIsEnabled
 .text.Cy_SysClk_ClkTimerDisable
                0x0000000010004d10       0x14 modules/hal_infineon/libmodules_hal_infineon.a(cy_sysclk.c.obj)
                0x0000000010004d10                Cy_SysClk_ClkTimerDisable
 .text.Cy_SysClk_ClkLfSetSource
                0x0000000010004d24       0x20 modules/hal_infineon/libmodules_hal_infineon.a(cy_sysclk.c.obj)
                0x0000000010004d24                Cy_SysClk_ClkLfSetSource
 .text.Cy_SysClk_ClkLfGetSource
                0x0000000010004d44       0x10 modules/hal_infineon/libmodules_hal_infineon.a(cy_sysclk.c.obj)
                0x0000000010004d44                Cy_SysClk_ClkLfGetSource
 .text.Cy_SysClk_ClkPeriSetDivider
                0x0000000010004d54       0x1c modules/hal_infineon/libmodules_hal_infineon.a(cy_sysclk.c.obj)
                0x0000000010004d54                Cy_SysClk_ClkPeriSetDivider
 .text.Cy_SysClk_ClkPeriGetDivider
                0x0000000010004d70       0x14 modules/hal_infineon/libmodules_hal_infineon.a(cy_sysclk.c.obj)
                0x0000000010004d70                Cy_SysClk_ClkPeriGetDivider
 .text.Cy_SysClk_ClkFastSetDivider
                0x0000000010004d84       0x1c modules/hal_infineon/libmodules_hal_infineon.a(cy_sysclk.c.obj)
                0x0000000010004d84                Cy_SysClk_ClkFastSetDivider
 .text.Cy_SysClk_ClkFastGetDivider
                0x0000000010004da0       0x18 modules/hal_infineon/libmodules_hal_infineon.a(cy_sysclk.c.obj)
                0x0000000010004da0                Cy_SysClk_ClkFastGetDivider
 .text.Cy_SysClk_ClkHfEnable
                0x0000000010004db8       0x34 modules/hal_infineon/libmodules_hal_infineon.a(cy_sysclk.c.obj)
                0x0000000010004db8                Cy_SysClk_ClkHfEnable
 .text.Cy_SysClk_ClkHfIsEnabled
                0x0000000010004dec       0x24 modules/hal_infineon/libmodules_hal_infineon.a(cy_sysclk.c.obj)
                0x0000000010004dec                Cy_SysClk_ClkHfIsEnabled
 .text.Cy_SysClk_ClkHfDisable
                0x0000000010004e10       0x34 modules/hal_infineon/libmodules_hal_infineon.a(cy_sysclk.c.obj)
                0x0000000010004e10                Cy_SysClk_ClkHfDisable
 .text.Cy_SysClk_ClkHfSetSource
                0x0000000010004e44       0x38 modules/hal_infineon/libmodules_hal_infineon.a(cy_sysclk.c.obj)
                0x0000000010004e44                Cy_SysClk_ClkHfSetSource
 .text.Cy_SysClk_ClkHfGetSource
                0x0000000010004e7c       0x24 modules/hal_infineon/libmodules_hal_infineon.a(cy_sysclk.c.obj)
                0x0000000010004e7c                Cy_SysClk_ClkHfGetSource
 .text.Cy_SysClk_ClkHfSetDivider
                0x0000000010004ea0       0x3c modules/hal_infineon/libmodules_hal_infineon.a(cy_sysclk.c.obj)
                0x0000000010004ea0                Cy_SysClk_ClkHfSetDivider
 .text.Cy_SysClk_ClkHfGetDivider
                0x0000000010004edc       0x24 modules/hal_infineon/libmodules_hal_infineon.a(cy_sysclk.c.obj)
                0x0000000010004edc                Cy_SysClk_ClkHfGetDivider
 .text.Cy_SysClk_WcoOkay
                0x0000000010004f00       0x10 modules/hal_infineon/libmodules_hal_infineon.a(cy_sysclk.c.obj)
                0x0000000010004f00                Cy_SysClk_WcoOkay
 .text.Cy_SysClk_WcoEnable
                0x0000000010004f10       0x38 modules/hal_infineon/libmodules_hal_infineon.a(cy_sysclk.c.obj)
                0x0000000010004f10                Cy_SysClk_WcoEnable
 .text.Cy_SysClk_WcoDisable
                0x0000000010004f48       0x10 modules/hal_infineon/libmodules_hal_infineon.a(cy_sysclk.c.obj)
                0x0000000010004f48                Cy_SysClk_WcoDisable
 .text.Cy_SysClk_IloEnable
                0x0000000010004f58       0x14 modules/hal_infineon/libmodules_hal_infineon.a(cy_sysclk.c.obj)
                0x0000000010004f58                Cy_SysClk_IloEnable
 .text.Cy_SysClk_IloIsEnabled
                0x0000000010004f6c       0x10 modules/hal_infineon/libmodules_hal_infineon.a(cy_sysclk.c.obj)
                0x0000000010004f6c                Cy_SysClk_IloIsEnabled
 .text.Cy_SysClk_IloDisable
                0x0000000010004f7c       0x24 modules/hal_infineon/libmodules_hal_infineon.a(cy_sysclk.c.obj)
                0x0000000010004f7c                Cy_SysClk_IloDisable
 .text.Cy_SysClk_ExtClkSetFrequency
                0x0000000010004fa0       0x14 modules/hal_infineon/libmodules_hal_infineon.a(cy_sysclk.c.obj)
                0x0000000010004fa0                Cy_SysClk_ExtClkSetFrequency
 .text.Cy_SysClk_ExtClkGetFrequency
                0x0000000010004fb4        0xc modules/hal_infineon/libmodules_hal_infineon.a(cy_sysclk.c.obj)
                0x0000000010004fb4                Cy_SysClk_ExtClkGetFrequency
 .text.Cy_SysClk_EcoDisable
                0x0000000010004fc0       0x14 modules/hal_infineon/libmodules_hal_infineon.a(cy_sysclk.c.obj)
                0x0000000010004fc0                Cy_SysClk_EcoDisable
 .text.Cy_SysClk_EcoGetStatus
                0x0000000010004fd4       0x20 modules/hal_infineon/libmodules_hal_infineon.a(cy_sysclk.c.obj)
                0x0000000010004fd4                Cy_SysClk_EcoGetStatus
 .text.Cy_SysClk_EcoEnable
                0x0000000010004ff4       0x60 modules/hal_infineon/libmodules_hal_infineon.a(cy_sysclk.c.obj)
                0x0000000010004ff4                Cy_SysClk_EcoEnable
 .text.Cy_SysClk_EcoGetFrequency
                0x0000000010005054       0x18 modules/hal_infineon/libmodules_hal_infineon.a(cy_sysclk.c.obj)
                0x0000000010005054                Cy_SysClk_EcoGetFrequency
 .text.Cy_SysClk_ClkPathSetSource
                0x000000001000506c       0x50 modules/hal_infineon/libmodules_hal_infineon.a(cy_sysclk.c.obj)
                0x000000001000506c                Cy_SysClk_ClkPathSetSource
 .text.Cy_SysClk_ClkPathGetSource
                0x00000000100050bc       0x38 modules/hal_infineon/libmodules_hal_infineon.a(cy_sysclk.c.obj)
                0x00000000100050bc                Cy_SysClk_ClkPathGetSource
 .text.Cy_SysClk_ClkPathMuxGetFrequency
                0x00000000100050f4       0x7c modules/hal_infineon/libmodules_hal_infineon.a(cy_sysclk.c.obj)
                0x00000000100050f4                Cy_SysClk_ClkPathMuxGetFrequency
 .text.Cy_SysClk_FllIsEnabled
                0x0000000010005170       0x10 modules/hal_infineon/libmodules_hal_infineon.a(cy_sysclk.c.obj)
                0x0000000010005170                Cy_SysClk_FllIsEnabled
 .text.Cy_SysClk_FllDisable
                0x0000000010005180       0x34 modules/hal_infineon/libmodules_hal_infineon.a(cy_sysclk.c.obj)
                0x0000000010005180                Cy_SysClk_FllDisable
 .text.Cy_SysClk_FllManualConfigure
                0x00000000100051b4       0xf0 modules/hal_infineon/libmodules_hal_infineon.a(cy_sysclk.c.obj)
                0x00000000100051b4                Cy_SysClk_FllManualConfigure
 .text.Cy_SysClk_FllGetConfiguration
                0x00000000100052a4       0x58 modules/hal_infineon/libmodules_hal_infineon.a(cy_sysclk.c.obj)
                0x00000000100052a4                Cy_SysClk_FllGetConfiguration
 .text.Cy_SysClk_FllEnable
                0x00000000100052fc       0x8c modules/hal_infineon/libmodules_hal_infineon.a(cy_sysclk.c.obj)
                0x00000000100052fc                Cy_SysClk_FllEnable
 .text.Cy_SysClk_PllIsEnabled
                0x0000000010005388       0x28 modules/hal_infineon/libmodules_hal_infineon.a(cy_sysclk.c.obj)
                0x0000000010005388                Cy_SysClk_PllIsEnabled
 .text.Cy_SysClk_PllDisable
                0x00000000100053b0       0x4c modules/hal_infineon/libmodules_hal_infineon.a(cy_sysclk.c.obj)
                0x00000000100053b0                Cy_SysClk_PllDisable
 .text.Cy_SysClk_PllManualConfigure
                0x00000000100053fc       0x98 modules/hal_infineon/libmodules_hal_infineon.a(cy_sysclk.c.obj)
                0x00000000100053fc                Cy_SysClk_PllManualConfigure
 .text.Cy_SysClk_PllGetConfiguration
                0x0000000010005494       0x4c modules/hal_infineon/libmodules_hal_infineon.a(cy_sysclk.c.obj)
                0x0000000010005494                Cy_SysClk_PllGetConfiguration
 .text.Cy_SysClk_PllConfigure
                0x00000000100054e0      0x17c modules/hal_infineon/libmodules_hal_infineon.a(cy_sysclk.c.obj)
                0x00000000100054e0                Cy_SysClk_PllConfigure
 .text.Cy_SysClk_PllEnable
                0x000000001000565c       0x9c modules/hal_infineon/libmodules_hal_infineon.a(cy_sysclk.c.obj)
                0x000000001000565c                Cy_SysClk_PllEnable
 .text.Cy_SysClk_FllGetFrequency
                0x00000000100056f8       0x5c modules/hal_infineon/libmodules_hal_infineon.a(cy_sysclk.c.obj)
                0x00000000100056f8                Cy_SysClk_FllGetFrequency
 .text.Cy_SysClk_PllGetFrequency
                0x0000000010005754       0x84 modules/hal_infineon/libmodules_hal_infineon.a(cy_sysclk.c.obj)
                0x0000000010005754                Cy_SysClk_PllGetFrequency
 .text.Cy_SysClk_ClkPathGetFrequency
                0x00000000100057d8       0x3c modules/hal_infineon/libmodules_hal_infineon.a(cy_sysclk.c.obj)
                0x00000000100057d8                Cy_SysClk_ClkPathGetFrequency
 .text.Cy_SysClk_ClkTimerGetFrequency
                0x0000000010005814       0x78 modules/hal_infineon/libmodules_hal_infineon.a(cy_sysclk.c.obj)
                0x0000000010005814                Cy_SysClk_ClkTimerGetFrequency
 .text.Cy_SysLib_Delay
                0x000000001000588c       0x30 modules/hal_infineon/libmodules_hal_infineon.a(cy_syslib.c.obj)
                0x000000001000588c                Cy_SysLib_Delay
 .text.Cy_SysLib_DelayUs
                0x00000000100058bc       0x10 modules/hal_infineon/libmodules_hal_infineon.a(cy_syslib.c.obj)
                0x00000000100058bc                Cy_SysLib_DelayUs
 .text.Cy_SysLib_SetWaitStates
                0x00000000100058cc       0xc0 modules/hal_infineon/libmodules_hal_infineon.a(cy_syslib.c.obj)
                0x00000000100058cc                Cy_SysLib_SetWaitStates
 .text.Cy_SysPm_LdoGetVoltage
                0x000000001000598c       0x20 modules/hal_infineon/libmodules_hal_infineon.a(cy_syspm.c.obj)
                0x000000001000598c                Cy_SysPm_LdoGetVoltage
 .text.Cy_SysPm_LdoIsEnabled
                0x00000000100059ac       0x14 modules/hal_infineon/libmodules_hal_infineon.a(cy_syspm.c.obj)
                0x00000000100059ac                Cy_SysPm_LdoIsEnabled
 .text.Cy_SysPm_ReadStatus
                0x00000000100059c0       0x74 modules/hal_infineon/libmodules_hal_infineon.a(cy_syspm.c.obj)
                0x00000000100059c0                Cy_SysPm_ReadStatus
 .text.Cy_SysTick_SetClockSource
                0x0000000010005a34       0x34 modules/hal_infineon/libmodules_hal_infineon.a(cy_systick.c.obj)
                0x0000000010005a34                Cy_SysTick_SetClockSource
 .text.Cy_TrigMux_Connect
                0x0000000010005a68       0xa8 modules/hal_infineon/libmodules_hal_infineon.a(cy_trigmux.c.obj)
                0x0000000010005a68                Cy_TrigMux_Connect
 .text.Cy_TrigMux_Select
                0x0000000010005b10       0x98 modules/hal_infineon/libmodules_hal_infineon.a(cy_trigmux.c.obj)
                0x0000000010005b10                Cy_TrigMux_Select
 .text.Cy_TrigMux_Deselect
                0x0000000010005ba8       0x7c modules/hal_infineon/libmodules_hal_infineon.a(cy_trigmux.c.obj)
                0x0000000010005ba8                Cy_TrigMux_Deselect
 .text._cyhal_uart_init_hw
                0x0000000010005c24       0x88 modules/hal_infineon/libmodules_hal_infineon.a(cyhal_uart.c.obj)
 .text._cyhal_uart_pm_callback_instance
                0x0000000010005cac      0x124 modules/hal_infineon/libmodules_hal_infineon.a(cyhal_uart.c.obj)
 .text.cyhal_uart_set_baud
                0x0000000010005dd0      0x108 modules/hal_infineon/libmodules_hal_infineon.a(cyhal_uart.c.obj)
                0x0000000010005dd0                cyhal_uart_set_baud
 .text.cyhal_uart_getc
                0x0000000010005ed8       0x4c modules/hal_infineon/libmodules_hal_infineon.a(cyhal_uart.c.obj)
                0x0000000010005ed8                cyhal_uart_getc
 .text.cyhal_uart_putc
                0x0000000010005f24       0x24 modules/hal_infineon/libmodules_hal_infineon.a(cyhal_uart.c.obj)
                0x0000000010005f24                cyhal_uart_putc
 .text.cyhal_uart_enable_flow_control
                0x0000000010005f48       0xb8 modules/hal_infineon/libmodules_hal_infineon.a(cyhal_uart.c.obj)
                0x0000000010005f48                cyhal_uart_enable_flow_control
 .text._cyhal_scb_pm_callback_index
                0x0000000010006000       0x28 modules/hal_infineon/libmodules_hal_infineon.a(cyhal_scb_common.c.obj)
 .text._cyhal_scb_pm_callback_common
                0x0000000010006028       0x6c modules/hal_infineon/libmodules_hal_infineon.a(cyhal_scb_common.c.obj)
 .text._cyhal_scb_get_irq_obj
                0x0000000010006094       0x74 modules/hal_infineon/libmodules_hal_infineon.a(cyhal_scb_common.c.obj)
                0x0000000010006094                _cyhal_scb_get_irq_obj
 .text._cyhal_scb_pm_transition_pending
                0x0000000010006108        0xc modules/hal_infineon/libmodules_hal_infineon.a(cyhal_scb_common.c.obj)
                0x0000000010006108                _cyhal_scb_pm_transition_pending
 .text._cyhal_scb_update_instance_data
                0x0000000010006114       0x50 modules/hal_infineon/libmodules_hal_infineon.a(cyhal_scb_common.c.obj)
                0x0000000010006114                _cyhal_scb_update_instance_data
 .text._cyhal_clock_set_enabled_unsupported
                0x0000000010006164        0xc modules/hal_infineon/libmodules_hal_infineon.a(cyhal_clock.c.obj)
 .text._cyhal_clock_set_frequency_unsupported
                0x0000000010006170        0xc modules/hal_infineon/libmodules_hal_infineon.a(cyhal_clock.c.obj)
 .text._cyhal_clock_set_divider_unsupported
                0x000000001000617c        0xc modules/hal_infineon/libmodules_hal_infineon.a(cyhal_clock.c.obj)
 .text._cyhal_clock_set_source_unsupported
                0x0000000010006188        0xc modules/hal_infineon/libmodules_hal_infineon.a(cyhal_clock.c.obj)
 .text._cyhal_clock_get_frequency_imo
                0x0000000010006194        0x8 modules/hal_infineon/libmodules_hal_infineon.a(cyhal_clock.c.obj)
 .text._cyhal_clock_is_enabled_eco
                0x000000001000619c       0x10 modules/hal_infineon/libmodules_hal_infineon.a(cyhal_clock.c.obj)
 .text._cyhal_clock_is_enabled_wco
                0x00000000100061ac       0x10 modules/hal_infineon/libmodules_hal_infineon.a(cyhal_clock.c.obj)
 .text._cyhal_clock_get_sources_pathmux
                0x00000000100061bc       0x10 modules/hal_infineon/libmodules_hal_infineon.a(cyhal_clock.c.obj)
 .text._cyhal_clock_get_sources_fll
                0x00000000100061cc       0x10 modules/hal_infineon/libmodules_hal_infineon.a(cyhal_clock.c.obj)
 .text._cyhal_clock_get_sources_pll
                0x00000000100061dc       0x18 modules/hal_infineon/libmodules_hal_infineon.a(cyhal_clock.c.obj)
 .text._cyhal_clock_get_sources_hf
                0x00000000100061f4       0x10 modules/hal_infineon/libmodules_hal_infineon.a(cyhal_clock.c.obj)
 .text._cyhal_clock_get_sources_lf
                0x0000000010006204       0x10 modules/hal_infineon/libmodules_hal_infineon.a(cyhal_clock.c.obj)
 .text._cyhal_clock_get_sources_fast
                0x0000000010006214       0x10 modules/hal_infineon/libmodules_hal_infineon.a(cyhal_clock.c.obj)
 .text._cyhal_clock_get_sources_slow
                0x0000000010006224       0x10 modules/hal_infineon/libmodules_hal_infineon.a(cyhal_clock.c.obj)
 .text._cyhal_clock_get_sources_peri
                0x0000000010006234       0x10 modules/hal_infineon/libmodules_hal_infineon.a(cyhal_clock.c.obj)
 .text._cyhal_clock_get_sources_timer
                0x0000000010006244       0x10 modules/hal_infineon/libmodules_hal_infineon.a(cyhal_clock.c.obj)
 .text._cyhal_clock_get_sources_bak
                0x0000000010006254       0x10 modules/hal_infineon/libmodules_hal_infineon.a(cyhal_clock.c.obj)
 .text._cyhal_clock_get_sources_alt_sys_tick
                0x0000000010006264       0x10 modules/hal_infineon/libmodules_hal_infineon.a(cyhal_clock.c.obj)
 .text._cyhal_clock_update_system_state
                0x0000000010006274       0x40 modules/hal_infineon/libmodules_hal_infineon.a(cyhal_clock.c.obj)
 .text._cyhal_clock_set_source_pathmux
                0x00000000100062b4       0xac modules/hal_infineon/libmodules_hal_infineon.a(cyhal_clock.c.obj)
 .text._cyhal_clock_set_source_lf
                0x0000000010006360       0x24 modules/hal_infineon/libmodules_hal_infineon.a(cyhal_clock.c.obj)
 .text._cyhal_clock_set_source_pump
                0x0000000010006384       0x2c modules/hal_infineon/libmodules_hal_infineon.a(cyhal_clock.c.obj)
 .text._cyhal_clock_set_divider_pump
                0x00000000100063b0       0x40 modules/hal_infineon/libmodules_hal_infineon.a(cyhal_clock.c.obj)
 .text._cyhal_clock_set_source_bak
                0x00000000100063f0       0x24 modules/hal_infineon/libmodules_hal_infineon.a(cyhal_clock.c.obj)
 .text._cyhal_clock_set_source_alt_sys_tick
                0x0000000010006414       0x70 modules/hal_infineon/libmodules_hal_infineon.a(cyhal_clock.c.obj)
 .text._cyhal_clock_set_source_hf
                0x0000000010006484       0x74 modules/hal_infineon/libmodules_hal_infineon.a(cyhal_clock.c.obj)
 .text._cyhal_clock_set_divider_hf
                0x00000000100064f8       0x78 modules/hal_infineon/libmodules_hal_infineon.a(cyhal_clock.c.obj)
 .text._cyhal_clock_set_frequency_fll
                0x0000000010006570       0xc4 modules/hal_infineon/libmodules_hal_infineon.a(cyhal_clock.c.obj)
 .text._cyhal_clock_set_enabled_fll
                0x0000000010006634       0xb8 modules/hal_infineon/libmodules_hal_infineon.a(cyhal_clock.c.obj)
 .text._cyhal_clock_compute_div
                0x00000000100066ec       0x40 modules/hal_infineon/libmodules_hal_infineon.a(cyhal_clock.c.obj)
 .text._cyhal_clock_set_source_timer
                0x000000001000672c       0x24 modules/hal_infineon/libmodules_hal_infineon.a(cyhal_clock.c.obj)
 .text._cyhal_clock_set_divider_timer
                0x0000000010006750       0x1c modules/hal_infineon/libmodules_hal_infineon.a(cyhal_clock.c.obj)
 .text._cyhal_clock_set_enabled_eco
                0x000000001000676c       0x58 modules/hal_infineon/libmodules_hal_infineon.a(cyhal_clock.c.obj)
 .text._cyhal_clock_set_enabled_wco
                0x00000000100067c4       0x24 modules/hal_infineon/libmodules_hal_infineon.a(cyhal_clock.c.obj)
 .text._cyhal_clock_set_divider_fast
                0x00000000100067e8       0x20 modules/hal_infineon/libmodules_hal_infineon.a(cyhal_clock.c.obj)
 .text._cyhal_clock_set_divider_peri
                0x0000000010006808       0x20 modules/hal_infineon/libmodules_hal_infineon.a(cyhal_clock.c.obj)
 .text._cyhal_clock_set_divider_slow
                0x0000000010006828       0x20 modules/hal_infineon/libmodules_hal_infineon.a(cyhal_clock.c.obj)
 .text._cyhal_clock_get_sources_peripheral
                0x0000000010006848       0x10 modules/hal_infineon/libmodules_hal_infineon.a(cyhal_clock.c.obj)
 .text._cyhal_clock_get_funcs_peripheral
                0x0000000010006858        0x8 modules/hal_infineon/libmodules_hal_infineon.a(cyhal_clock.c.obj)
                0x0000000010006858                _cyhal_clock_get_funcs_peripheral
 .text._cyhal_clock_allocate_channel
                0x0000000010006860       0x58 modules/hal_infineon/libmodules_hal_infineon.a(cyhal_clock.c.obj)
                0x0000000010006860                _cyhal_clock_allocate_channel
 .text.cyhal_clock_get
                0x00000000100068b8       0x3c modules/hal_infineon/libmodules_hal_infineon.a(cyhal_clock.c.obj)
                0x00000000100068b8                cyhal_clock_get
 .text.cyhal_clock_set_frequency
                0x00000000100068f4       0x24 modules/hal_infineon/libmodules_hal_infineon.a(cyhal_clock.c.obj)
                0x00000000100068f4                cyhal_clock_set_frequency
 .text.cyhal_clock_set_source
                0x0000000010006918       0x24 modules/hal_infineon/libmodules_hal_infineon.a(cyhal_clock.c.obj)
                0x0000000010006918                cyhal_clock_set_source
 .text.Cy_GPIO_PortToAddr
                0x000000001000693c       0x18 modules/hal_infineon/libmodules_hal_infineon.a(cyhal_gpio.c.obj)
 .text._cyhal_gpio_irq_handler
                0x0000000010006954       0x90 modules/hal_infineon/libmodules_hal_infineon.a(cyhal_gpio.c.obj)
 .text.cyhal_gpio_register_callback
                0x00000000100069e4       0x4c modules/hal_infineon/libmodules_hal_infineon.a(cyhal_gpio.c.obj)
                0x00000000100069e4                cyhal_gpio_register_callback
 .text.cyhal_gpio_enable_event
                0x0000000010006a30       0x74 modules/hal_infineon/libmodules_hal_infineon.a(cyhal_gpio.c.obj)
                0x0000000010006a30                cyhal_gpio_enable_event
 .text.cyhal_gpio_disconnect_digital
                0x0000000010006aa4       0x5c modules/hal_infineon/libmodules_hal_infineon.a(cyhal_gpio.c.obj)
                0x0000000010006aa4                cyhal_gpio_disconnect_digital
 .text.cyhal_gpio_disable_output
                0x0000000010006b00       0x38 modules/hal_infineon/libmodules_hal_infineon.a(cyhal_gpio.c.obj)
                0x0000000010006b00                cyhal_gpio_disable_output
 .text.cyhal_gpio_free
                0x0000000010006b38       0x88 modules/hal_infineon/libmodules_hal_infineon.a(cyhal_gpio.c.obj)
                0x0000000010006b38                cyhal_gpio_free
 .text._cyhal_get_block_offsets
                0x0000000010006bc0       0x74 modules/hal_infineon/libmodules_hal_infineon.a(cyhal_hwmgr.c.obj)
 .text._cyhal_get_block_offset_length
                0x0000000010006c34       0x48 modules/hal_infineon/libmodules_hal_infineon.a(cyhal_hwmgr.c.obj)
 .text._cyhal_get_bit_position
                0x0000000010006c7c       0x9c modules/hal_infineon/libmodules_hal_infineon.a(cyhal_hwmgr.c.obj)
 .text.cyhal_hwmgr_reserve
                0x0000000010006d18       0x80 modules/hal_infineon/libmodules_hal_infineon.a(cyhal_hwmgr.c.obj)
                0x0000000010006d18                cyhal_hwmgr_reserve
 .text.cyhal_hwmgr_free
                0x0000000010006d98       0x48 modules/hal_infineon/libmodules_hal_infineon.a(cyhal_hwmgr.c.obj)
                0x0000000010006d98                cyhal_hwmgr_free
 .text._cyhal_interconnect_check_connection
                0x0000000010006de0      0x164 modules/hal_infineon/libmodules_hal_infineon.a(cyhal_interconnect.c.obj)
 .text.cyhal_connect_pin
                0x0000000010006f44       0x50 modules/hal_infineon/libmodules_hal_infineon.a(cyhal_interconnect.c.obj)
                0x0000000010006f44                cyhal_connect_pin
 .text.cyhal_disconnect_pin
                0x0000000010006f94       0x30 modules/hal_infineon/libmodules_hal_infineon.a(cyhal_interconnect.c.obj)
                0x0000000010006f94                cyhal_disconnect_pin
 .text._cyhal_syspm_register_peripheral_callback
                0x0000000010006fc4       0x24 modules/hal_infineon/libmodules_hal_infineon.a(cyhal_syspm.c.obj)
                0x0000000010006fc4                _cyhal_syspm_register_peripheral_callback
 .text._cyhal_syspm_unregister_peripheral_callback
                0x0000000010006fe8       0x10 modules/hal_infineon/libmodules_hal_infineon.a(cyhal_syspm.c.obj)
                0x0000000010006fe8                _cyhal_syspm_unregister_peripheral_callback
 .text._cyhal_utils_calculate_tolerance
                0x0000000010006ff8       0x44 modules/hal_infineon/libmodules_hal_infineon.a(cyhal_utils_psoc.c.obj)
                0x0000000010006ff8                _cyhal_utils_calculate_tolerance
 .text._cyhal_utils_get_clock_count
                0x000000001000703c       0x10 modules/hal_infineon/libmodules_hal_infineon.a(cyhal_utils_psoc.c.obj)
                0x000000001000703c                _cyhal_utils_get_clock_count
 .text._cyhal_utils_allocate_clock
                0x000000001000704c       0xe8 modules/hal_infineon/libmodules_hal_infineon.a(cyhal_utils_psoc.c.obj)
                0x000000001000704c                _cyhal_utils_allocate_clock
 .text.z_sys_init_run_level
                0x0000000010007134       0x48 zephyr/kernel/libkernel.a(init.c.obj)
 .text.bg_thread_main
                0x000000001000717c       0x34 zephyr/kernel/libkernel.a(init.c.obj)
 .text.z_bss_zero
                0x00000000100071b0       0x18 zephyr/kernel/libkernel.a(init.c.obj)
                0x00000000100071b0                z_bss_zero
 .text.z_init_cpu
                0x00000000100071c8       0x8c zephyr/kernel/libkernel.a(init.c.obj)
                0x00000000100071c8                z_init_cpu
 .text.z_cstart
                0x0000000010007254       0xd4 zephyr/kernel/libkernel.a(init.c.obj)
                0x0000000010007254                z_cstart
 .text.z_setup_new_thread
                0x0000000010007328       0x64 zephyr/kernel/libkernel.a(thread.c.obj)
                0x0000000010007328                z_setup_new_thread
 .text.z_init_static_threads
                0x000000001000738c       0x98 zephyr/kernel/libkernel.a(thread.c.obj)
                0x000000001000738c                z_init_static_threads
 .text.sliceable
                0x0000000010007424       0x3c zephyr/kernel/libkernel.a(sched.c.obj)
 .text.slice_timeout
                0x0000000010007460       0x20 zephyr/kernel/libkernel.a(sched.c.obj)
 .text.z_reset_time_slice
                0x0000000010007480       0x50 zephyr/kernel/libkernel.a(sched.c.obj)
                0x0000000010007480                z_reset_time_slice
 .text.update_cache
                0x00000000100074d0       0x3c zephyr/kernel/libkernel.a(sched.c.obj)
 .text.move_thread_to_end_of_prio_q
                0x000000001000750c       0x74 zephyr/kernel/libkernel.a(sched.c.obj)
 .text.ready_thread
                0x0000000010007580       0x68 zephyr/kernel/libkernel.a(sched.c.obj)
 .text.unready_thread
                0x00000000100075e8       0x30 zephyr/kernel/libkernel.a(sched.c.obj)
 .text.z_time_slice
                0x0000000010007618       0x60 zephyr/kernel/libkernel.a(sched.c.obj)
                0x0000000010007618                z_time_slice
 .text.z_reschedule
                0x0000000010007678       0x24 zephyr/kernel/libkernel.a(sched.c.obj)
                0x0000000010007678                z_reschedule
 .text.z_sched_start
                0x000000001000769c       0x3c zephyr/kernel/libkernel.a(sched.c.obj)
                0x000000001000769c                z_sched_start
 .text.z_impl_k_thread_suspend
                0x00000000100076d8       0x64 zephyr/kernel/libkernel.a(sched.c.obj)
                0x00000000100076d8                z_impl_k_thread_suspend
 .text.k_sched_lock
                0x000000001000773c       0x28 zephyr/kernel/libkernel.a(sched.c.obj)
                0x000000001000773c                k_sched_lock
 .text.k_sched_unlock
                0x0000000010007764       0x38 zephyr/kernel/libkernel.a(sched.c.obj)
                0x0000000010007764                k_sched_unlock
 .text.z_sched_init
                0x000000001000779c       0x10 zephyr/kernel/libkernel.a(sched.c.obj)
                0x000000001000779c                z_sched_init
 .text.z_impl_k_yield
                0x00000000100077ac       0x7c zephyr/kernel/libkernel.a(sched.c.obj)
                0x00000000100077ac                z_impl_k_yield
 .text.z_tick_sleep
                0x0000000010007828       0x88 zephyr/kernel/libkernel.a(sched.c.obj)
 .text.z_impl_k_sleep
                0x00000000100078b0       0x30 zephyr/kernel/libkernel.a(sched.c.obj)
                0x00000000100078b0                z_impl_k_sleep
 .text.z_impl_z_current_get
                0x00000000100078e0        0xc zephyr/kernel/libkernel.a(sched.c.obj)
                0x00000000100078e0                z_impl_z_current_get
 .text.z_thread_abort
                0x00000000100078ec       0xc0 zephyr/kernel/libkernel.a(sched.c.obj)
                0x00000000100078ec                z_thread_abort
 .text.z_data_copy
                0x00000000100079ac       0x34 zephyr/kernel/libkernel.a(xip.c.obj)
                0x00000000100079ac                z_data_copy
 .text.elapsed  0x00000000100079e0       0x14 zephyr/kernel/libkernel.a(timeout.c.obj)
 .text.next_timeout
                0x00000000100079f4       0x40 zephyr/kernel/libkernel.a(timeout.c.obj)
 .text.remove_timeout
                0x0000000010007a34       0x38 zephyr/kernel/libkernel.a(timeout.c.obj)
 .text.z_add_timeout
                0x0000000010007a6c       0xec zephyr/kernel/libkernel.a(timeout.c.obj)
                0x0000000010007a6c                z_add_timeout
 .text.sys_clock_announce
                0x0000000010007b58       0xd4 zephyr/kernel/libkernel.a(timeout.c.obj)
                0x0000000010007b58                sys_clock_announce
 .text.sys_clock_tick_get
                0x0000000010007c2c       0x34 zephyr/kernel/libkernel.a(timeout.c.obj)
                0x0000000010007c2c                sys_clock_tick_get
 .text.boot_banner
                0x0000000010007c60        0xc zephyr/kernel/libkernel.a(banner.c.obj)
                0x0000000010007c60                boot_banner
 .text._OffsetAbsSyms
                0x0000000010007c6c        0x2 zephyr/CMakeFiles/offsets.dir/./arch/arm/core/offsets/offsets.c.obj
                0x0000000010007c6c                _OffsetAbsSyms
 .text.z_impl_gpio_pin_configure.constprop.0
                0x0000000010007c6e       0x1e app/libapp.a(main.c.obj)
 .text.gpio_pin_set.isra.0
                0x0000000010007c8c       0x20 app/libapp.a(main.c.obj)
 .text.arch_printk_char_out
                0x0000000010007cac        0x4 zephyr/libzephyr.a(printk.c.obj)
                0x0000000010007cac                arch_printk_char_out
 .text.printk   0x0000000010007cb0       0x1a zephyr/libzephyr.a(printk.c.obj)
                0x0000000010007cb0                printk
 .text.z_thread_entry
                0x0000000010007cca       0x14 zephyr/libzephyr.a(thread_entry.c.obj)
                0x0000000010007cca                z_thread_entry
 .text.encode_uint
                0x0000000010007cde       0x8c zephyr/libzephyr.a(cbprintf_complete.c.obj)
 .text.outs     0x0000000010007d6a       0x2e zephyr/libzephyr.a(cbprintf_complete.c.obj)
 .text._ConfigAbsSyms
                0x0000000010007d98        0x2 zephyr/libzephyr.a(configs.c.obj)
                0x0000000010007d98                _ConfigAbsSyms
 .text.init_cycfg_platform_wraper
                0x0000000010007d9a        0xa zephyr/libzephyr.a(soc.c.obj)
 .text.Cy_SysInt_Init
                0x0000000010007da4       0x28 zephyr/libzephyr.a(soc.c.obj)
                0x0000000010007da4                Cy_SysInt_Init
 .text.z_arm_fatal_error
                0x0000000010007dcc        0x4 zephyr/arch/arch/arm/core/aarch32/libarch__arm__core__aarch32.a(fatal.c.obj)
                0x0000000010007dcc                z_arm_fatal_error
 .text.z_do_kernel_oops
                0x0000000010007dd0        0x8 zephyr/arch/arch/arm/core/aarch32/libarch__arm__core__aarch32.a(fatal.c.obj)
                0x0000000010007dd0                z_do_kernel_oops
 .text.z_irq_spurious
                0x0000000010007dd8        0x8 zephyr/arch/arch/arm/core/aarch32/libarch__arm__core__aarch32.a(irq_manage.c.obj)
                0x0000000010007dd8                z_irq_spurious
 .text.arch_irq_connect_dynamic
                0x0000000010007de0       0x1a zephyr/arch/arch/arm/core/aarch32/libarch__arm__core__aarch32.a(irq_manage.c.obj)
                0x0000000010007de0                arch_irq_connect_dynamic
 .text.z_arm_nmi
                0x0000000010007dfa        0xe zephyr/arch/arch/arm/core/aarch32/libarch__arm__core__aarch32.a(nmi.c.obj)
                0x0000000010007dfa                z_arm_nmi
 .text.strlen   0x0000000010007e08        0xe zephyr/lib/libc/minimal/liblib__libc__minimal.a(string.c.obj)
                0x0000000010007e08                strlen
 .text.memcpy   0x0000000010007e16       0x16 zephyr/lib/libc/minimal/liblib__libc__minimal.a(string.c.obj)
                0x0000000010007e16                memcpy
 .text.memset   0x0000000010007e2c       0x12 zephyr/lib/libc/minimal/liblib__libc__minimal.a(string.c.obj)
                0x0000000010007e2c                memset
 .text._stdout_hook_default
                0x0000000010007e3e        0x6 zephyr/lib/libc/minimal/liblib__libc__minimal.a(stdout_console.c.obj)
 .text.strnlen  0x0000000010007e44       0x12 zephyr/lib/libc/common/liblib__libc__common.a(strnlen.c.obj)
                0x0000000010007e44                strnlen
 .text.clock_control_infineon_cat_on_off
                0x0000000010007e56        0x6 zephyr/drivers/clock_control/libdrivers__clock_control.a(clock_control_ifx_cat1.c.obj)
 .text.gpio_cat1_port_get_raw
                0x0000000010007e5c        0xc zephyr/drivers/gpio/libdrivers__gpio.a(gpio_ifx_cat1.c.obj)
 .text.gpio_cat1_port_set_masked_raw
                0x0000000010007e68       0x12 zephyr/drivers/gpio/libdrivers__gpio.a(gpio_ifx_cat1.c.obj)
 .text.gpio_cat1_port_set_bits_raw
                0x0000000010007e7a        0xa zephyr/drivers/gpio/libdrivers__gpio.a(gpio_ifx_cat1.c.obj)
 .text.gpio_cat1_port_clear_bits_raw
                0x0000000010007e84        0xa zephyr/drivers/gpio/libdrivers__gpio.a(gpio_ifx_cat1.c.obj)
 .text.gpio_cat1_port_toggle_bits
                0x0000000010007e8e        0xa zephyr/drivers/gpio/libdrivers__gpio.a(gpio_ifx_cat1.c.obj)
 .text.gpio_cat1_get_pending_int
                0x0000000010007e98        0x8 zephyr/drivers/gpio/libdrivers__gpio.a(gpio_ifx_cat1.c.obj)
 .text.gpio_cat1_manage_callback
                0x0000000010007ea0       0x52 zephyr/drivers/gpio/libdrivers__gpio.a(gpio_ifx_cat1.c.obj)
 .text.pinctrl_lookup_state
                0x0000000010007ef2       0x26 zephyr/drivers/pinctrl/libdrivers__pinctrl.a(common.c.obj)
                0x0000000010007ef2                pinctrl_lookup_state
 .text.ifx_cat1_uart_err_check
                0x0000000010007f18       0x1e zephyr/drivers/serial/libdrivers__serial.a(uart_ifx_cat1.c.obj)
 .text.ifx_cat1_uart_config_get
                0x0000000010007f36       0x18 zephyr/drivers/serial/libdrivers__serial.a(uart_ifx_cat1.c.obj)
 .text.ifx_cat1_uart_configure
                0x0000000010007f4e       0x82 zephyr/drivers/serial/libdrivers__serial.a(uart_ifx_cat1.c.obj)
 .text.ifx_cat1_uart_poll_out
                0x0000000010007fd0        0x6 zephyr/drivers/serial/libdrivers__serial.a(uart_ifx_cat1.c.obj)
 .text.ifx_cat1_uart_poll_in
                0x0000000010007fd6       0x16 zephyr/drivers/serial/libdrivers__serial.a(uart_ifx_cat1.c.obj)
 .text.Cy_SysIpcPipeIsrCm4
                0x0000000010007fec        0x6 modules/hal_infineon/libmodules_hal_infineon.a(system_psoc6_cm4.c.obj)
                0x0000000010007fec                Cy_SysIpcPipeIsrCm4
 .text.Cy_SystemInit
                0x0000000010007ff2        0x2 modules/hal_infineon/libmodules_hal_infineon.a(system_psoc6_cm4.c.obj)
                0x0000000010007ff2                Cy_SystemInit
 .text.Cy_SCB_GetFifoSize
                0x0000000010007ff4        0xe modules/hal_infineon/libmodules_hal_infineon.a(cy_scb_uart.c.obj)
 .text.Cy_SCB_SetRxFifoLevel
                0x0000000010008002       0x20 modules/hal_infineon/libmodules_hal_infineon.a(cy_scb_uart.c.obj)
 .text.SelectRxFifoLevel
                0x0000000010008022       0x16 modules/hal_infineon/libmodules_hal_infineon.a(cy_scb_uart.c.obj)
 .text.Cy_SCB_UART_Disable
                0x0000000010008038       0x16 modules/hal_infineon/libmodules_hal_infineon.a(cy_scb_uart.c.obj)
                0x0000000010008038                Cy_SCB_UART_Disable
 .text.Cy_SCB_UART_GetNumInRingBuffer
                0x000000001000804e       0x14 modules/hal_infineon/libmodules_hal_infineon.a(cy_scb_uart.c.obj)
                0x000000001000804e                Cy_SCB_UART_GetNumInRingBuffer
 .text.Cy_SCB_UART_GetReceiveStatus
                0x0000000010008062        0x4 modules/hal_infineon/libmodules_hal_infineon.a(cy_scb_uart.c.obj)
                0x0000000010008062                Cy_SCB_UART_GetReceiveStatus
 .text.Cy_SCB_UART_GetTransmitStatus
                0x0000000010008066        0x4 modules/hal_infineon/libmodules_hal_infineon.a(cy_scb_uart.c.obj)
                0x0000000010008066                Cy_SCB_UART_GetTransmitStatus
 .text.Cy_SCB_UART_Interrupt
                0x000000001000806a      0x28c modules/hal_infineon/libmodules_hal_infineon.a(cy_scb_uart.c.obj)
                0x000000001000806a                Cy_SCB_UART_Interrupt
 .text.Cy_SCB_ReadArrayNoCheck
                0x00000000100082f6       0x2e modules/hal_infineon/libmodules_hal_infineon.a(cy_scb_common.c.obj)
                0x00000000100082f6                Cy_SCB_ReadArrayNoCheck
 .text.Cy_SCB_ReadArray
                0x0000000010008324       0x1a modules/hal_infineon/libmodules_hal_infineon.a(cy_scb_common.c.obj)
                0x0000000010008324                Cy_SCB_ReadArray
 .text.Cy_SCB_Write
                0x000000001000833e       0x22 modules/hal_infineon/libmodules_hal_infineon.a(cy_scb_common.c.obj)
                0x000000001000833e                Cy_SCB_Write
 .text.Cy_SCB_WriteArrayNoCheck
                0x0000000010008360       0x2e modules/hal_infineon/libmodules_hal_infineon.a(cy_scb_common.c.obj)
                0x0000000010008360                Cy_SCB_WriteArrayNoCheck
 .text.Cy_SCB_WriteArray
                0x000000001000838e       0x28 modules/hal_infineon/libmodules_hal_infineon.a(cy_scb_common.c.obj)
                0x000000001000838e                Cy_SCB_WriteArray
 .text.Cy_GPIO_Read
                0x00000000100083b6       0x10 modules/hal_infineon/libmodules_hal_infineon.a(cy_gpio.c.obj)
                0x00000000100083b6                Cy_GPIO_Read
 .text.Cy_GPIO_Write
                0x00000000100083c6       0x1e modules/hal_infineon/libmodules_hal_infineon.a(cy_gpio.c.obj)
                0x00000000100083c6                Cy_GPIO_Write
 .text.Cy_GPIO_Set
                0x00000000100083e4        0xe modules/hal_infineon/libmodules_hal_infineon.a(cy_gpio.c.obj)
                0x00000000100083e4                Cy_GPIO_Set
 .text.Cy_GPIO_ClearInterrupt
                0x00000000100083f2       0x12 modules/hal_infineon/libmodules_hal_infineon.a(cy_gpio.c.obj)
                0x00000000100083f2                Cy_GPIO_ClearInterrupt
 .text.Cy_GPIO_SetInterruptMask
                0x0000000010008404       0x26 modules/hal_infineon/libmodules_hal_infineon.a(cy_gpio.c.obj)
                0x0000000010008404                Cy_GPIO_SetInterruptMask
 .text.Cy_GPIO_GetInterruptStatusMasked
                0x000000001000842a       0x10 modules/hal_infineon/libmodules_hal_infineon.a(cy_gpio.c.obj)
                0x000000001000842a                Cy_GPIO_GetInterruptStatusMasked
 .text.Cy_SysClk_ClkPumpGetFrequency
                0x000000001000843a       0x1c modules/hal_infineon/libmodules_hal_infineon.a(cy_sysclk.c.obj)
                0x000000001000843a                Cy_SysClk_ClkPumpGetFrequency
 .text.Cy_SysClk_ClkHfGetFrequency
                0x0000000010008456       0x20 modules/hal_infineon/libmodules_hal_infineon.a(cy_sysclk.c.obj)
                0x0000000010008456                Cy_SysClk_ClkHfGetFrequency
 .text.Cy_SysClk_ClkPeriGetFrequency
                0x0000000010008476       0x1a modules/hal_infineon/libmodules_hal_infineon.a(cy_sysclk.c.obj)
                0x0000000010008476                Cy_SysClk_ClkPeriGetFrequency
 .text.Cy_SysClk_ClkSlowGetFrequency
                0x0000000010008490       0x18 modules/hal_infineon/libmodules_hal_infineon.a(cy_sysclk.c.obj)
                0x0000000010008490                Cy_SysClk_ClkSlowGetFrequency
 .text.Cy_SysClk_PeriphGetFrequency
                0x00000000100084a8       0x7c modules/hal_infineon/libmodules_hal_infineon.a(cy_sysclk.c.obj)
                0x00000000100084a8                Cy_SysClk_PeriphGetFrequency
 .text.Cy_SysClk_ClkFastGetFrequency
                0x0000000010008524       0x1a modules/hal_infineon/libmodules_hal_infineon.a(cy_sysclk.c.obj)
                0x0000000010008524                Cy_SysClk_ClkFastGetFrequency
 .text.Cy_SysPm_IsSystemUlp
                0x000000001000853e        0xc modules/hal_infineon/libmodules_hal_infineon.a(cy_syspm.c.obj)
                0x000000001000853e                Cy_SysPm_IsSystemUlp
 .text.Cy_SCB_SetTxInterruptMask
                0x000000001000854a       0x12 modules/hal_infineon/libmodules_hal_infineon.a(cyhal_uart.c.obj)
 .text._cyhal_uart_convert_stopbits
                0x000000001000855c       0x20 modules/hal_infineon/libmodules_hal_infineon.a(cyhal_uart.c.obj)
 .text._cyhal_uart_irq_handler
                0x000000001000857c       0xa0 modules/hal_infineon/libmodules_hal_infineon.a(cyhal_uart.c.obj)
 .text.cyhal_uart_init_cfg
                0x000000001000861c       0x82 modules/hal_infineon/libmodules_hal_infineon.a(cyhal_uart.c.obj)
                0x000000001000861c                cyhal_uart_init_cfg
 .text.cyhal_uart_configure
                0x000000001000869e       0x5a modules/hal_infineon/libmodules_hal_infineon.a(cyhal_uart.c.obj)
                0x000000001000869e                cyhal_uart_configure
 .text._cyhal_scb_find_map
                0x00000000100086f8       0x68 modules/hal_infineon/libmodules_hal_infineon.a(cyhal_scb_common.c.obj)
                0x00000000100086f8                _cyhal_scb_find_map
 .text._cyhal_clock_is_enabled_true
                0x0000000010008760        0x4 modules/hal_infineon/libmodules_hal_infineon.a(cyhal_clock.c.obj)
 .text._cyhal_clock_get_sources_none
                0x0000000010008764        0x6 modules/hal_infineon/libmodules_hal_infineon.a(cyhal_clock.c.obj)
 .text._cyhal_clock_get_frequency_ilo
                0x000000001000876a        0x6 modules/hal_infineon/libmodules_hal_infineon.a(cyhal_clock.c.obj)
 .text._cyhal_clock_get_frequency_alt_sys_tick
                0x0000000010008770        0x6 modules/hal_infineon/libmodules_hal_infineon.a(cyhal_clock.c.obj)
 .text._cyhal_clock_get_frequency_ext
                0x0000000010008776        0x4 modules/hal_infineon/libmodules_hal_infineon.a(cyhal_clock.c.obj)
 .text._cyhal_clock_is_enabled_ext
                0x000000001000877a        0xe modules/hal_infineon/libmodules_hal_infineon.a(cyhal_clock.c.obj)
 .text._cyhal_clock_get_frequency_eco
                0x0000000010008788        0x4 modules/hal_infineon/libmodules_hal_infineon.a(cyhal_clock.c.obj)
 .text._cyhal_clock_get_frequency_hf
                0x000000001000878c        0x6 modules/hal_infineon/libmodules_hal_infineon.a(cyhal_clock.c.obj)
 .text._cyhal_clock_get_frequency_pathmux
                0x0000000010008792        0x6 modules/hal_infineon/libmodules_hal_infineon.a(cyhal_clock.c.obj)
 .text._cyhal_clock_is_enabled_pll
                0x0000000010008798        0x8 modules/hal_infineon/libmodules_hal_infineon.a(cyhal_clock.c.obj)
 .text._cyhal_clock_set_frequency_pll
                0x00000000100087a0       0xd2 modules/hal_infineon/libmodules_hal_infineon.a(cyhal_clock.c.obj)
 .text._cyhal_clock_set_enabled_pll
                0x0000000010008872       0xce modules/hal_infineon/libmodules_hal_infineon.a(cyhal_clock.c.obj)
 .text._cyhal_clock_get_frequency_pll
                0x0000000010008940        0x8 modules/hal_infineon/libmodules_hal_infineon.a(cyhal_clock.c.obj)
 .text._cyhal_clock_get_frequency_fll
                0x0000000010008948        0x6 modules/hal_infineon/libmodules_hal_infineon.a(cyhal_clock.c.obj)
 .text._cyhal_clock_set_frequency_ext
                0x000000001000894e        0xc modules/hal_infineon/libmodules_hal_infineon.a(cyhal_clock.c.obj)
 .text._cyhal_clock_set_enabled_ilo
                0x000000001000895a       0x12 modules/hal_infineon/libmodules_hal_infineon.a(cyhal_clock.c.obj)
 .text._cyhal_clock_is_enabled_ilo
                0x000000001000896c        0x4 modules/hal_infineon/libmodules_hal_infineon.a(cyhal_clock.c.obj)
 .text._cyhal_clock_get_frequency_pump
                0x0000000010008970        0x4 modules/hal_infineon/libmodules_hal_infineon.a(cyhal_clock.c.obj)
 .text._cyhal_clock_set_enabled_pump
                0x0000000010008974       0x12 modules/hal_infineon/libmodules_hal_infineon.a(cyhal_clock.c.obj)
 .text._cyhal_clock_is_enabled_pump
                0x0000000010008986        0x4 modules/hal_infineon/libmodules_hal_infineon.a(cyhal_clock.c.obj)
 .text._cyhal_clock_get_frequency_bak
                0x000000001000898a       0x1c modules/hal_infineon/libmodules_hal_infineon.a(cyhal_clock.c.obj)
 .text._cyhal_clock_is_enabled_hf
                0x00000000100089a6        0x6 modules/hal_infineon/libmodules_hal_infineon.a(cyhal_clock.c.obj)
 .text._cyhal_clock_is_enabled_fll
                0x00000000100089ac        0x4 modules/hal_infineon/libmodules_hal_infineon.a(cyhal_clock.c.obj)
 .text._cyhal_clock_set_frequency_fast
                0x00000000100089b0       0x34 modules/hal_infineon/libmodules_hal_infineon.a(cyhal_clock.c.obj)
 .text._cyhal_clock_get_frequency_fast
                0x00000000100089e4        0x4 modules/hal_infineon/libmodules_hal_infineon.a(cyhal_clock.c.obj)
 .text._cyhal_clock_set_frequency_peri
                0x00000000100089e8       0x34 modules/hal_infineon/libmodules_hal_infineon.a(cyhal_clock.c.obj)
 .text._cyhal_clock_get_frequency_peri
                0x0000000010008a1c        0x4 modules/hal_infineon/libmodules_hal_infineon.a(cyhal_clock.c.obj)
 .text._cyhal_clock_get_frequency_timer
                0x0000000010008a20        0x4 modules/hal_infineon/libmodules_hal_infineon.a(cyhal_clock.c.obj)
 .text._cyhal_clock_set_enabled_timer
                0x0000000010008a24       0x12 modules/hal_infineon/libmodules_hal_infineon.a(cyhal_clock.c.obj)
 .text._cyhal_clock_is_enabled_timer
                0x0000000010008a36        0x4 modules/hal_infineon/libmodules_hal_infineon.a(cyhal_clock.c.obj)
 .text._cyhal_clock_set_frequency_slow
                0x0000000010008a3a       0x32 modules/hal_infineon/libmodules_hal_infineon.a(cyhal_clock.c.obj)
 .text._cyhal_clock_get_frequency_slow
                0x0000000010008a6c        0x4 modules/hal_infineon/libmodules_hal_infineon.a(cyhal_clock.c.obj)
 .text._cyhal_clock_set_frequency_peripheral
                0x0000000010008a70       0x78 modules/hal_infineon/libmodules_hal_infineon.a(cyhal_clock.c.obj)
 .text._cyhal_clock_get_frequency_peripheral
                0x0000000010008ae8        0xc modules/hal_infineon/libmodules_hal_infineon.a(cyhal_clock.c.obj)
 .text._cyhal_clock_set_enabled_peripheral
                0x0000000010008af4       0x1c modules/hal_infineon/libmodules_hal_infineon.a(cyhal_clock.c.obj)
 .text._cyhal_clock_is_enabled_peripheral
                0x0000000010008b10        0xc modules/hal_infineon/libmodules_hal_infineon.a(cyhal_clock.c.obj)
 .text._cyhal_clock_set_enabled_hf
                0x0000000010008b1c        0xc modules/hal_infineon/libmodules_hal_infineon.a(cyhal_clock.c.obj)
 .text._cyhal_clock_get_frequency_wco
                0x0000000010008b28        0x6 modules/hal_infineon/libmodules_hal_infineon.a(cyhal_clock.c.obj)
 .text._cyhal_clock_set_divider_peripheral
                0x0000000010008b2e       0x20 modules/hal_infineon/libmodules_hal_infineon.a(cyhal_clock.c.obj)
 .text._cyhal_clock_get_frequency_lf
                0x0000000010008b4e       0x16 modules/hal_infineon/libmodules_hal_infineon.a(cyhal_clock.c.obj)
 .text.cyhal_clock_reserve
                0x0000000010008b64       0x3e modules/hal_infineon/libmodules_hal_infineon.a(cyhal_clock.c.obj)
                0x0000000010008b64                cyhal_clock_reserve
 .text.cyhal_clock_set_enabled
                0x0000000010008ba2       0x1c modules/hal_infineon/libmodules_hal_infineon.a(cyhal_clock.c.obj)
                0x0000000010008ba2                cyhal_clock_set_enabled
 .text.cyhal_clock_set_divider
                0x0000000010008bbe       0x1c modules/hal_infineon/libmodules_hal_infineon.a(cyhal_clock.c.obj)
                0x0000000010008bbe                cyhal_clock_set_divider
 .text._cyhal_gpio_convert_drive_mode
                0x0000000010008bda       0x46 modules/hal_infineon/libmodules_hal_infineon.a(cyhal_gpio.c.obj)
 .text.cyhal_gpio_init
                0x0000000010008c20       0x4e modules/hal_infineon/libmodules_hal_infineon.a(cyhal_gpio.c.obj)
                0x0000000010008c20                cyhal_gpio_init
 .text._cyhal_disconnect_signal
                0x0000000010008c6e        0x6 modules/hal_infineon/libmodules_hal_infineon.a(cyhal_interconnect.c.obj)
                0x0000000010008c6e                _cyhal_disconnect_signal
 .text._cyhal_syspm_remove_callback_from_list
                0x0000000010008c74       0x2e modules/hal_infineon/libmodules_hal_infineon.a(cyhal_syspm.c.obj)
 .text._cyhal_utils_reserve_and_connect
                0x0000000010008ca2       0x3e modules/hal_infineon/libmodules_hal_infineon.a(cyhal_utils_psoc.c.obj)
                0x0000000010008ca2                _cyhal_utils_reserve_and_connect
 .text._cyhal_utils_disconnect_and_free
                0x0000000010008ce0       0x2a modules/hal_infineon/libmodules_hal_infineon.a(cyhal_utils_psoc.c.obj)
                0x0000000010008ce0                _cyhal_utils_disconnect_and_free
 .text._cyhal_utils_convert_haltopdl_pm_mode
                0x0000000010008d0a       0x18 modules/hal_infineon/libmodules_hal_infineon.a(cyhal_utils_psoc.c.obj)
                0x0000000010008d0a                _cyhal_utils_convert_haltopdl_pm_mode
 .text.z_device_state_init
                0x0000000010008d22        0x2 zephyr/kernel/libkernel.a(device.c.obj)
                0x0000000010008d22                z_device_state_init
 .text.z_device_is_ready
                0x0000000010008d24       0x16 zephyr/kernel/libkernel.a(device.c.obj)
                0x0000000010008d24                z_device_is_ready
 .text.arch_system_halt
                0x0000000010008d3a       0x12 zephyr/kernel/libkernel.a(fatal.c.obj)
                0x0000000010008d3a                arch_system_halt
 .text.k_sys_fatal_error_handler
                0x0000000010008d4c        0x6 zephyr/kernel/libkernel.a(fatal.c.obj)
                0x0000000010008d4c                k_sys_fatal_error_handler
 .text.z_fatal_error
                0x0000000010008d52       0x36 zephyr/kernel/libkernel.a(fatal.c.obj)
                0x0000000010008d52                z_fatal_error
 .text.z_early_memset
                0x0000000010008d88        0x4 zephyr/kernel/libkernel.a(init.c.obj)
                0x0000000010008d88                z_early_memset
 .text.z_early_memcpy
                0x0000000010008d8c        0x4 zephyr/kernel/libkernel.a(init.c.obj)
                0x0000000010008d8c                z_early_memcpy
 .text.idle     0x0000000010008d90       0x18 zephyr/kernel/libkernel.a(idle.c.obj)
                0x0000000010008d90                idle
 .text.sys_dlist_remove
                0x0000000010008da8       0x10 zephyr/kernel/libkernel.a(sched.c.obj)
 .text.unpend_thread_no_timeout
                0x0000000010008db8       0x14 zephyr/kernel/libkernel.a(sched.c.obj)
 .text.z_ready_thread
                0x0000000010008dcc       0x20 zephyr/kernel/libkernel.a(sched.c.obj)
                0x0000000010008dcc                z_ready_thread
 .text.z_sched_wake_thread
                0x0000000010008dec       0x44 zephyr/kernel/libkernel.a(sched.c.obj)
                0x0000000010008dec                z_sched_wake_thread
 .text.z_thread_timeout
                0x0000000010008e30        0x8 zephyr/kernel/libkernel.a(sched.c.obj)
                0x0000000010008e30                z_thread_timeout
 .text.z_reschedule_irqlock
                0x0000000010008e38       0x18 zephyr/kernel/libkernel.a(sched.c.obj)
                0x0000000010008e38                z_reschedule_irqlock
 .text.z_reschedule_unlocked
                0x0000000010008e50       0x14 zephyr/kernel/libkernel.a(sched.c.obj)
 .text.z_abort_timeout
                0x0000000010008e64       0x2c zephyr/kernel/libkernel.a(timeout.c.obj)
                0x0000000010008e64                z_abort_timeout
 .text.sys_clock_tick_get_32
                0x0000000010008e90        0x8 zephyr/kernel/libkernel.a(timeout.c.obj)
                0x0000000010008e90                sys_clock_tick_get_32
 *(SORT_BY_ALIGNMENT(.TEXT.*))
 *(SORT_BY_ALIGNMENT(.gnu.linkonce.t.*))
 *(SORT_BY_ALIGNMENT(.glue_7t))
 .glue_7t       0x0000000010008e98        0x0 linker stubs
 *(SORT_BY_ALIGNMENT(.glue_7))
 .glue_7        0x0000000010008e98        0x0 linker stubs
 *(SORT_BY_ALIGNMENT(.vfp11_veneer))
 .vfp11_veneer  0x0000000010008e98        0x0 linker stubs
 *(SORT_BY_ALIGNMENT(.v4_bx))
 .v4_bx         0x0000000010008e98        0x0 linker stubs
                0x0000000010008e98                . = ALIGN (0x4)
                0x0000000010008e98                __text_region_end = .

.ARM.exidx      0x0000000010008e98        0x8
                0x0000000010008e98                __exidx_start = .
 *(SORT_BY_ALIGNMENT(.ARM.exidx*) SORT_BY_ALIGNMENT(gnu.linkonce.armexidx.*))
 .ARM.exidx     0x0000000010008e98        0x8 c:/users/elija/zephyr-sdk-0.16.1/arm-zephyr-eabi/bin/../lib/gcc/arm-zephyr-eabi/12.2.0/thumb/v7e-m/nofp\libgcc.a(_udivmoddi4.o)
                0x0000000010008ea0                __exidx_end = .
                0x0000000010008ea0                __rodata_region_start = .

initlevel       0x0000000010008ea0       0x68
                0x0000000010008ea0                __init_start = .
                0x0000000010008ea0                __init_EARLY_start = .
 *(SORT_BY_NAME(SORT_BY_ALIGNMENT(.z_init_EARLY?_*)))
 *(SORT_BY_NAME(SORT_BY_ALIGNMENT(.z_init_EARLY??_*)))
                0x0000000010008ea0                __init_PRE_KERNEL_1_start = .
 *(SORT_BY_NAME(SORT_BY_ALIGNMENT(.z_init_PRE_KERNEL_1?_*)))
 .z_init_PRE_KERNEL_10_0_
                0x0000000010008ea0        0x8 zephyr/libzephyr.a(soc.c.obj)
 *(SORT_BY_NAME(SORT_BY_ALIGNMENT(.z_init_PRE_KERNEL_1??_*)))
 .z_init_PRE_KERNEL_130_00008_
                0x0000000010008ea8        0x8 zephyr/drivers/clock_control/libdrivers__clock_control.a(clock_control_ifx_cat1.c.obj)
 .z_init_PRE_KERNEL_155_00077_
                0x0000000010008eb0        0x8 zephyr/drivers/serial/libdrivers__serial.a(uart_ifx_cat1.c.obj)
 .z_init_PRE_KERNEL_155_00104_
                0x0000000010008eb8        0x8 zephyr/drivers/serial/libdrivers__serial.a(uart_ifx_cat1.c.obj)
 .z_init_PRE_KERNEL_160_0_
                0x0000000010008ec0        0x8 zephyr/drivers/console/libdrivers__console.a(uart_console.c.obj)
                0x0000000010008ec8                __init_PRE_KERNEL_2_start = .
 *(SORT_BY_NAME(SORT_BY_ALIGNMENT(.z_init_PRE_KERNEL_2?_*)))
 .z_init_PRE_KERNEL_20_0_
                0x0000000010008ec8        0x8 zephyr/drivers/timer/libdrivers__timer.a(cortex_m_systick.c.obj)
 *(SORT_BY_NAME(SORT_BY_ALIGNMENT(.z_init_PRE_KERNEL_2??_*)))
                0x0000000010008ed0                __init_POST_KERNEL_start = .
 *(SORT_BY_NAME(SORT_BY_ALIGNMENT(.z_init_POST_KERNEL?_*)))
 *(SORT_BY_NAME(SORT_BY_ALIGNMENT(.z_init_POST_KERNEL??_*)))
 .z_init_POST_KERNEL50_00031_
                0x0000000010008ed0        0x8 zephyr/drivers/gpio/libdrivers__gpio.a(gpio_ifx_cat1.c.obj)
 .z_init_POST_KERNEL50_00034_
                0x0000000010008ed8        0x8 zephyr/drivers/gpio/libdrivers__gpio.a(gpio_ifx_cat1.c.obj)
 .z_init_POST_KERNEL50_00090_
                0x0000000010008ee0        0x8 zephyr/drivers/gpio/libdrivers__gpio.a(gpio_ifx_cat1.c.obj)
 .z_init_POST_KERNEL50_00091_
                0x0000000010008ee8        0x8 zephyr/drivers/gpio/libdrivers__gpio.a(gpio_ifx_cat1.c.obj)
 .z_init_POST_KERNEL50_00094_
                0x0000000010008ef0        0x8 zephyr/drivers/gpio/libdrivers__gpio.a(gpio_ifx_cat1.c.obj)
 .z_init_POST_KERNEL50_00097_
                0x0000000010008ef8        0x8 zephyr/drivers/gpio/libdrivers__gpio.a(gpio_ifx_cat1.c.obj)
 .z_init_POST_KERNEL50_00105_
                0x0000000010008f00        0x8 zephyr/drivers/gpio/libdrivers__gpio.a(gpio_ifx_cat1.c.obj)
                0x0000000010008f08                __init_APPLICATION_start = .
 *(SORT_BY_NAME(SORT_BY_ALIGNMENT(.z_init_APPLICATION?_*)))
 *(SORT_BY_NAME(SORT_BY_ALIGNMENT(.z_init_APPLICATION??_*)))
                0x0000000010008f08                __init_SMP_start = .
 *(SORT_BY_NAME(SORT_BY_ALIGNMENT(.z_init_SMP?_*)))
 *(SORT_BY_NAME(SORT_BY_ALIGNMENT(.z_init_SMP??_*)))
                0x0000000010008f08                __init_end = .

device_area     0x0000000010008f08       0xc8
                0x0000000010008f08                _device_list_start = .
 *(SORT_BY_NAME(SORT_BY_ALIGNMENT(._device.static.*_?_*)))
 *(SORT_BY_NAME(SORT_BY_ALIGNMENT(._device.static.*_??_*)))
 ._device.static.1_30_
                0x0000000010008f08       0x14 zephyr/drivers/clock_control/libdrivers__clock_control.a(clock_control_ifx_cat1.c.obj)
                0x0000000010008f08                __device_dts_ord_8
 ._device.static.1_55_
                0x0000000010008f1c       0x28 zephyr/drivers/serial/libdrivers__serial.a(uart_ifx_cat1.c.obj)
                0x0000000010008f1c                __device_dts_ord_77
                0x0000000010008f30                __device_dts_ord_104
 ._device.static.3_50_
                0x0000000010008f44       0x8c zephyr/drivers/gpio/libdrivers__gpio.a(gpio_ifx_cat1.c.obj)
                0x0000000010008f44                __device_dts_ord_34
                0x0000000010008f58                __device_dts_ord_97
                0x0000000010008f6c                __device_dts_ord_94
                0x0000000010008f80                __device_dts_ord_91
                0x0000000010008f94                __device_dts_ord_90
                0x0000000010008fa8                __device_dts_ord_105
                0x0000000010008fbc                __device_dts_ord_31
                0x0000000010008fd0                _device_list_end = .

initlevel_error
                0x0000000010008ea0        0x0
 *(SORT_BY_NAME(SORT_BY_ALIGNMENT(.z_init_[_A-Z0-9]*)))
                0x0000000000000001                ASSERT ((SIZEOF (initlevel_error) == 0x0), Undefined initialization levels used.)

app_shmem_regions
                0x0000000010008fd0        0x0
                0x0000000010008fd0                __app_shmem_regions_start = .
 *(SORT_BY_NAME(SORT_BY_ALIGNMENT(.app_regions.*)))
                0x0000000010008fd0                __app_shmem_regions_end = .

k_p4wq_initparam_area
                0x0000000010008fd0        0x0
                0x0000000010008fd0                _k_p4wq_initparam_list_start = .
 *(SORT_BY_NAME(SORT_BY_ALIGNMENT(._k_p4wq_initparam.static.*)))
                0x0000000010008fd0                _k_p4wq_initparam_list_end = .

_static_thread_data_area
                0x0000000010008fd0        0x0
                0x0000000010008fd0                __static_thread_data_list_start = .
 *(SORT_BY_NAME(SORT_BY_ALIGNMENT(.__static_thread_data.static.*)))
                0x0000000010008fd0                __static_thread_data_list_end = .

device_deps     0x0000000010008fd0        0x0
                0x0000000010008fd0                __device_deps_start = .
 *(SORT_BY_NAME(SORT_BY_ALIGNMENT(.__device_deps_pass2*)))
                0x0000000010008fd0                __device_deps_end = .

ztest           0x0000000010008fd0        0x0
                0x0000000010008fd0                _ztest_expected_result_entry_list_start = .
 *(SORT_BY_NAME(SORT_BY_ALIGNMENT(._ztest_expected_result_entry.static.*)))
                0x0000000010008fd0                _ztest_expected_result_entry_list_end = .
                0x0000000010008fd0                _ztest_suite_node_list_start = .
 *(SORT_BY_NAME(SORT_BY_ALIGNMENT(._ztest_suite_node.static.*)))
                0x0000000010008fd0                _ztest_suite_node_list_end = .
                0x0000000010008fd0                _ztest_unit_test_list_start = .
 *(SORT_BY_NAME(SORT_BY_ALIGNMENT(._ztest_unit_test.static.*)))
                0x0000000010008fd0                _ztest_unit_test_list_end = .
                0x0000000010008fd0                _ztest_test_rule_list_start = .
 *(SORT_BY_NAME(SORT_BY_ALIGNMENT(._ztest_test_rule.static.*)))
                0x0000000010008fd0                _ztest_test_rule_list_end = .

bt_l2cap_fixed_chan_area
                0x0000000010008fd0        0x0
                0x0000000010008fd0                _bt_l2cap_fixed_chan_list_start = .
 *(SORT_BY_NAME(SORT_BY_ALIGNMENT(._bt_l2cap_fixed_chan.static.*)))
                0x0000000010008fd0                _bt_l2cap_fixed_chan_list_end = .

bt_gatt_service_static_area
                0x0000000010008fd0        0x0
                0x0000000010008fd0                _bt_gatt_service_static_list_start = .
 *(SORT_BY_NAME(SORT_BY_ALIGNMENT(._bt_gatt_service_static.static.*)))
                0x0000000010008fd0                _bt_gatt_service_static_list_end = .

log_strings_area
                0x0000000010008fd0        0x0
                0x0000000010008fd0                _log_strings_list_start = .
 *(SORT_BY_NAME(SORT_BY_ALIGNMENT(._log_strings.static.*)))
                0x0000000010008fd0                _log_strings_list_end = .

log_const_area  0x0000000010008fd0       0x20
                0x0000000010008fd0                _log_const_list_start = .
 *(SORT_BY_NAME(SORT_BY_ALIGNMENT(._log_const.static.*)))
 ._log_const.static.log_const_cbprintf_package_
                0x0000000010008fd0        0x8 zephyr/libzephyr.a(cbprintf_packaged.c.obj)
                0x0000000010008fd0                log_const_cbprintf_package
 ._log_const.static.log_const_gpio_cat1_
                0x0000000010008fd8        0x8 zephyr/drivers/gpio/libdrivers__gpio.a(gpio_ifx_cat1.c.obj)
                0x0000000010008fd8                log_const_gpio_cat1
 ._log_const.static.log_const_mpu_
                0x0000000010008fe0        0x8 zephyr/arch/arch/arm/core/aarch32/mpu/libarch__arm__core__aarch32__mpu.a(arm_core_mpu.c.obj)
                0x0000000010008fe0                log_const_mpu
 ._log_const.static.log_const_os_
                0x0000000010008fe8        0x8 zephyr/kernel/libkernel.a(init.c.obj)
                0x0000000010008fe8                log_const_os
                0x0000000010008ff0                _log_const_list_end = .

log_backend_area
                0x0000000010008ff0        0x0
                0x0000000010008ff0                _log_backend_list_start = .
 *(SORT_BY_NAME(SORT_BY_ALIGNMENT(._log_backend.static.*)))
                0x0000000010008ff0                _log_backend_list_end = .

log_link_area   0x0000000010008ff0        0x0
                0x0000000010008ff0                _log_link_list_start = .
 *(SORT_BY_NAME(SORT_BY_ALIGNMENT(._log_link.static.*)))
                0x0000000010008ff0                _log_link_list_end = .

tracing_backend_area
                0x0000000010008ff0        0x0
                0x0000000010008ff0                _tracing_backend_list_start = .
 *(SORT_BY_NAME(SORT_BY_ALIGNMENT(._tracing_backend.static.*)))
                0x0000000010008ff0                _tracing_backend_list_end = .

zephyr_dbg_info
 *(SORT_BY_ALIGNMENT(.dbg_thread_info))

symbol_to_keep  0x0000000010008ff0        0x0
                0x0000000010008ff0                __symbol_to_keep_start = .
 *(SORT_BY_NAME(SORT_BY_ALIGNMENT(.symbol_to_keep*)))
                0x0000000010008ff0                __symbol_to_keep_end = .

shell_area      0x0000000010008ff0        0x0
                0x0000000010008ff0                _shell_list_start = .
 *(SORT_BY_NAME(SORT_BY_ALIGNMENT(._shell.static.*)))
                0x0000000010008ff0                _shell_list_end = .

shell_root_cmds_area
                0x0000000010008ff0        0x0
                0x0000000010008ff0                _shell_root_cmds_list_start = .
 *(SORT_BY_NAME(SORT_BY_ALIGNMENT(._shell_root_cmds.static.*)))
                0x0000000010008ff0                _shell_root_cmds_list_end = .

shell_subcmds_area
                0x0000000010008ff0        0x0
                0x0000000010008ff0                _shell_subcmds_list_start = .
 *(SORT_BY_NAME(SORT_BY_ALIGNMENT(._shell_subcmds.static.*)))
                0x0000000010008ff0                _shell_subcmds_list_end = .

shell_dynamic_subcmds_area
                0x0000000010008ff0        0x0
                0x0000000010008ff0                _shell_dynamic_subcmds_list_start = .
 *(SORT_BY_NAME(SORT_BY_ALIGNMENT(._shell_dynamic_subcmds.static.*)))
                0x0000000010008ff0                _shell_dynamic_subcmds_list_end = .

cfb_font_area   0x0000000010008ff0        0x0
                0x0000000010008ff0                _cfb_font_list_start = .
 *(SORT_BY_NAME(SORT_BY_ALIGNMENT(._cfb_font.static.*)))
                0x0000000010008ff0                _cfb_font_list_end = .

rodata          0x0000000010008ff0      0xf90
 *(SORT_BY_ALIGNMENT(.rodata))
 .rodata        0x0000000010008ff0       0x28 modules/hal_infineon/libmodules_hal_infineon.a(cy_sysclk.c.obj)
 *(SORT_BY_ALIGNMENT(.rodata.*))
 .rodata.static_regions
                0x0000000010009018        0xc zephyr/arch/arch/arm/core/aarch32/mpu/libarch__arm__core__aarch32__mpu.a(arm_core_mpu.c.obj)
 .rodata.mpu_config
                0x0000000010009024        0x8 zephyr/soc/arm/common/cortex_m/libsoc__arm__common__cortex_m.a(arm_mpu_regions.c.obj)
                0x0000000010009024                mpu_config
 .rodata.mpu_regions
                0x000000001000902c       0x18 zephyr/soc/arm/common/cortex_m/libsoc__arm__common__cortex_m.a(arm_mpu_regions.c.obj)
 .rodata.clock_control_infineon_cat1_api
                0x0000000010009044       0x1c zephyr/drivers/clock_control/libdrivers__clock_control.a(clock_control_ifx_cat1.c.obj)
 .rodata._cat1_gpio6_config
                0x0000000010009060       0x10 zephyr/drivers/gpio/libdrivers__gpio.a(gpio_ifx_cat1.c.obj)
 .rodata._cat1_gpio5_config
                0x0000000010009070       0x10 zephyr/drivers/gpio/libdrivers__gpio.a(gpio_ifx_cat1.c.obj)
 .rodata._cat1_gpio4_config
                0x0000000010009080       0x10 zephyr/drivers/gpio/libdrivers__gpio.a(gpio_ifx_cat1.c.obj)
 .rodata._cat1_gpio3_config
                0x0000000010009090       0x10 zephyr/drivers/gpio/libdrivers__gpio.a(gpio_ifx_cat1.c.obj)
 .rodata._cat1_gpio2_config
                0x00000000100090a0       0x10 zephyr/drivers/gpio/libdrivers__gpio.a(gpio_ifx_cat1.c.obj)
 .rodata._cat1_gpio1_config
                0x00000000100090b0       0x10 zephyr/drivers/gpio/libdrivers__gpio.a(gpio_ifx_cat1.c.obj)
 .rodata._cat1_gpio0_config
                0x00000000100090c0       0x10 zephyr/drivers/gpio/libdrivers__gpio.a(gpio_ifx_cat1.c.obj)
 .rodata.gpio_cat1_api
                0x00000000100090d0       0x24 zephyr/drivers/gpio/libdrivers__gpio.a(gpio_ifx_cat1.c.obj)
 .rodata.port_dev_obj
                0x00000000100090f4       0x3c zephyr/drivers/gpio/libdrivers__gpio.a(gpio_ifx_cat1.c.obj)
 .rodata.gpio_ports
                0x0000000010009130       0x3c zephyr/drivers/pinctrl/libdrivers__pinctrl.a(pinctrl_ifx_cat1.c.obj)
 .rodata.__pinctrl_dev_config__device_dts_ord_77
                0x000000001000916c        0x8 zephyr/drivers/serial/libdrivers__serial.a(uart_ifx_cat1.c.obj)
 .rodata.__pinctrl_states__device_dts_ord_77
                0x0000000010009174        0x8 zephyr/drivers/serial/libdrivers__serial.a(uart_ifx_cat1.c.obj)
 .rodata.__pinctrl_state_pins_0__device_dts_ord_77